
; file: /home/user0/ORCHESTRATION/worktrees/goggles-vm-feedback-47fe6800/lisp/semantic_algebra_search_v1.lisp
; in: DEFUN LSIP:REALIZE-SEMANTIC-ALGEBRA-NATIVE-SEARCH-ARCHIVE-SLICE-V1
;     (LSIP:REALIZE-SEARCH-ARCHIVE-SLICE-V1 :MESO
;                                           LSIP::*SEARCH-MESO-ALGEBRA-STATE-CANONICALIZER-ID-V1*
;                                           :SEARCH-ARCHIVE-IDENTITY-V1
;                                           LSIP::*SEARCH-MESO-ALGEBRA-QUOTIENT-WITNESS-KIND-V1*
;                                           :ARCHIVE-IDENTITY-ID :MACHINE
;                                           LSIP:*MACHINE-STATE* :META
;                                           (APPEND
;                                            (LIST :SOURCE
;                                                  :SEMANTIC-ALGEBRA-NATIVE-SEARCH-ARCHIVE
;                                                  :EQUIVALENCE-SCOPE
;                                                  :SEMANTIC-ALGEBRA-EXPRESSION-V1
;                                                  :CONSTITUTIONAL-EQUIVALENCE
;                                                  :APPLIED)
;                                            LSIP::META))
; 
; caught WARNING:
;   undefined variable: LSIP::*SEARCH-MESO-ALGEBRA-QUOTIENT-WITNESS-KIND-V1*
; 
; caught WARNING:
;   undefined variable: LSIP::*SEARCH-MESO-ALGEBRA-STATE-CANONICALIZER-ID-V1*


; file: /home/user0/ORCHESTRATION/worktrees/goggles-vm-feedback-47fe6800/lisp/synthesis_runtime_hook_activation_v1.lisp
; in: DEFUN LSIP::SYNTHESIS-RUNTIME-HOOK-CURRENT-REF-V1
;     (ECASE LSIP::MUTATION-SURFACE
;       (:PROPOSAL-PROVIDER-HOOK
;        LSIP::*SYNTHESIS-PROPOSAL-PROVIDER-ACTIVE-COMPONENT-ID*)
;       (:PLANNER-HOOK LSIP::*SYNTHESIS-PLANNER-V2-ACTIVE-COMPONENT-ID*)
;       (:EXECUTION-HOOK LSIP::*SYNTHESIS-EXECUTION-V2-ACTIVE-COMPONENT-ID*)
;       (:ORCHESTRATOR-HOOK LSIP::*SYNTHESIS-ORCHESTRATOR-V2-ACTIVE-COMPONENT-ID*)
;       (:PROVIDER-RESOLUTION-HOOK
;        LSIP::*SYNTHESIS-PROVIDER-RESOLUTION-ACTIVE-COMPONENT-ID*)
;       (:CUTOVER-POLICY-HOOK
;        LSIP::*SYNTHESIS-AUTHORITY-CUTOVER-POLICY-ACTIVE-COMPONENT-ID*)
;       (:CONSTRUCTOR-PRIMITIVE-HOOK
;        LSIP::*SYNTHESIS-SELF-HOST-CONSTRUCTOR-PRIMITIVE-ACTIVE-COMPONENT-ID*)
;       (:CONSTRUCTOR-SERVICE-HOOK
;        LSIP::*SYNTHESIS-SELF-HOST-CONSTRUCTOR-SERVICE-ACTIVE-COMPONENT-ID*)
;       (:PROGRAM-IDENTITY-HOOK
;        LSIP::*SYNTHESIS-SELF-HOST-PROGRAM-IDENTITY-ACTIVE-COMPONENT-ID*)
;       (:CONSTRUCTOR-EXECUTOR-HOOK
;        LSIP::*SEMANTIC-CONSTRUCTOR-EXECUTOR-ACTIVE-COMPONENT-ID*)
;       ...)
; --> BLOCK WHEN IF LET WHEN IF RETURN-FROM COND IF IF IF IF IF IF IF IF IF IF 
; ==>
;   (IF (EQL #:H2 28)
;       LSIP::*SEMANTIC-CONSTRUCTOR-EXECUTOR-ACTIVE-COMPONENT-ID*
;       (IF (EQL #:H2 30)
;           LSIP::*SYNTHESIS-AUTHORITY-CUTOVER-POLICY-ACTIVE-COMPONENT-ID*
;           (IF (EQL #:H2 31)
;               LSIP::*SEMANTIC-CONSTRUCTOR-VALIDATOR-ACTIVE-COMPONENT-ID*
;               (IF (OR # # # # # # # # # # # ...)
;                   (SB-IMPL::UNREACHABLE)
;                   (THE T #)))))
; 
; caught WARNING:
;   undefined variable: LSIP::*SEMANTIC-CONSTRUCTOR-EXECUTOR-ACTIVE-COMPONENT-ID*


; file: /home/user0/ORCHESTRATION/worktrees/goggles-vm-feedback-47fe6800/lisp/synthesis_authority_cutover_v1.lisp
; in: DEFUN LSIP:APPLY-SYNTHESIS-AUTHORITY-CUTOVER-COMPATIBILITY-V1
;     (EQUAL LSIP::*SEMANTIC-CONSTRUCTOR-EXECUTOR-ACTIVE-COMPONENT-ID*
;            LSIP::EXPECTED-CURRENT-REF)
; 
; caught WARNING:
;   undefined variable: LSIP::*SEMANTIC-CONSTRUCTOR-EXECUTOR-ACTIVE-COMPONENT-ID*

; in: DEFUN LSIP::SYNTHESIS-AUTHORITY-CUTOVER-CURRENT-REF-V1
;     (ECASE (GETF LSIP::COMMAND :MUTATION-SURFACE)
;       (:SELECTOR-HOOK
;        LSIP::*SYNTHESIS-CAPABILITY-SELECTION-V2-ACTIVE-COMPONENT-ID*)
;       (:RANKING-HOOK LSIP::*SYNTHESIS-CAPABILITY-RANKING-ACTIVE-COMPONENT-ID*)
;       (:EVALUATOR-HOOK LSIP::*SYNTHESIS-EVALUATOR-DISPATCH-ACTIVE-COMPONENT-ID*)
;       (:ADMISSION-HOOK LSIP::*SYNTHESIS-ADMISSION-ACTIVE-COMPONENT-ID*)
;       (:PLANNER-HOOK LSIP::*SYNTHESIS-PLANNER-V2-ACTIVE-COMPONENT-ID*)
;       (:PROPOSAL-PROVIDER-HOOK
;        LSIP::*SYNTHESIS-PROPOSAL-PROVIDER-ACTIVE-COMPONENT-ID*)
;       (:EXECUTION-HOOK LSIP::*SYNTHESIS-EXECUTION-V2-ACTIVE-COMPONENT-ID*)
;       (:ORCHESTRATOR-HOOK LSIP::*SYNTHESIS-ORCHESTRATOR-V2-ACTIVE-COMPONENT-ID*)
;       (:PROVIDER-RESOLUTION-HOOK
;        LSIP::*SYNTHESIS-PROVIDER-RESOLUTION-ACTIVE-COMPONENT-ID*)
;       (:CUTOVER-POLICY-HOOK
;        LSIP::*SYNTHESIS-AUTHORITY-CUTOVER-POLICY-ACTIVE-COMPONENT-ID*)
;       ...)
; --> BLOCK WHEN IF LET WHEN IF RETURN-FROM COND IF IF IF IF IF IF 
; ==>
;   (IF (EQL #:H2 25)
;       LSIP::*SEMANTIC-CONSTRUCTOR-EXECUTOR-ACTIVE-COMPONENT-ID*
;       (IF (EQL #:H2 28)
;           LSIP::*SEMANTIC-CONSTRUCTOR-VALIDATOR-ACTIVE-COMPONENT-ID*
;           (IF (EQL #:H2 29)
;               LSIP::*SYNTHESIS-SELF-HOST-PROGRAM-IDENTITY-ACTIVE-COMPONENT-ID*
;               (IF (EQL #:H2 32)
;                   LSIP::*SYNTHESIS-SELF-HOST-CONSTRUCTOR-SERVICE-ACTIVE-COMPONENT-ID*
;                   (IF #
;                       LSIP::*SYNTHESIS-CAPABILITY-RANKING-ACTIVE-COMPONENT-ID*
;                       #)))))
; 
; caught WARNING:
;   undefined variable: LSIP::*SEMANTIC-CONSTRUCTOR-EXECUTOR-ACTIVE-COMPONENT-ID*

; 
; caught WARNING:
;   1 more use of undefined variable LSIP::*SEMANTIC-CONSTRUCTOR-EXECUTOR-ACTIVE-COMPONENT-ID*


; file: /home/user0/ORCHESTRATION/worktrees/goggles-vm-feedback-47fe6800/lisp/synthesis_self_host_predecessor_lockout_v1.lisp
; in: DEFUN LSIP::LOCKOUT-SYNTHESIS-SELF-HOST-PREDECESSORS-SH20-V1
;     (SETF LSIP::*SYNTHESIS-AUTHORITY-CUTOVER-POLICY-REFERENCE-ENABLED-P* NIL
;           LSIP::*SYNTHESIS-SELF-HOST-PROGRAM-IDENTITY-REFERENCE-ENABLED-P* NIL
;           LSIP::*SYNTHESIS-SELF-HOST-CONSTRUCTOR-PRIMITIVE-REFERENCE-ENABLED-P*
;             NIL
;           LSIP::*SEMANTIC-CONSTRUCTOR-EXECUTOR-REFERENCE-ENABLED-P* NIL
;           LSIP::*SEMANTIC-CONSTRUCTOR-SYNTHESIZER-REFERENCE-ENABLED-P* NIL
;           LSIP::*SEMANTIC-CONSTRUCTOR-VALIDATOR-REFERENCE-ENABLED-P* NIL
;           ...)
; --> SETF 
; ==>
;   (SETQ LSIP::*SEMANTIC-CONSTRUCTOR-EXECUTOR-REFERENCE-ENABLED-P* NIL)
; 
; caught WARNING:
;   undefined variable: LSIP::*SEMANTIC-CONSTRUCTOR-EXECUTOR-REFERENCE-ENABLED-P*

; in: DEFUN LSIP::SYNTHESIS-SELF-HOST-PREDECESSOR-FLAGS-SH20-V1
;     (LIST LSIP::*SYNTHESIS-AUTHORITY-CUTOVER-POLICY-REFERENCE-ENABLED-P*
;           LSIP::*SYNTHESIS-SELF-HOST-PROGRAM-IDENTITY-REFERENCE-ENABLED-P*
;           LSIP::*SYNTHESIS-SELF-HOST-CONSTRUCTOR-PRIMITIVE-REFERENCE-ENABLED-P*
;           LSIP::*SEMANTIC-CONSTRUCTOR-EXECUTOR-REFERENCE-ENABLED-P*
;           LSIP::*SEMANTIC-CONSTRUCTOR-SYNTHESIZER-REFERENCE-ENABLED-P*
;           LSIP::*SEMANTIC-CONSTRUCTOR-VALIDATOR-REFERENCE-ENABLED-P*
;           LSIP::*SYNTHESIS-SELF-HOST-CONSTRUCTOR-SERVICE-REFERENCE-ENABLED-P*
;           LSIP::*SYNTHESIS-PLANNER-V2-REFERENCE-ENABLED-P*
;           LSIP::*SYNTHESIS-CAPABILITY-SELECTION-V2-REFERENCE-ENABLED-P*
;           LSIP::*SYNTHESIS-CAPABILITY-RANKING-REFERENCE-ENABLED-P*
;           LSIP::*SYNTHESIS-PROVIDER-RESOLUTION-REFERENCE-ENABLED-P* ...)
; 
; caught WARNING:
;   undefined variable: LSIP::*SEMANTIC-CONSTRUCTOR-EXECUTOR-REFERENCE-ENABLED-P*


; file: /home/user0/ORCHESTRATION/worktrees/goggles-vm-feedback-47fe6800/lisp/synthesis_self_host_runtime_closure_v1.lisp
; in: DEFUN LSIP::SYNTHESIS-SELF-HOST-RUNTIME-COMPONENT-ROWS-SH19-V1
;     (LIST :COMPONENT :CONSTRUCTOR-EXECUTOR :ACTIVE-REF
;           LSIP::*SEMANTIC-CONSTRUCTOR-EXECUTOR-ACTIVE-COMPONENT-ID*
;           :PREDECESSOR-REF LSIP::+SEMANTIC-CONSTRUCTOR-EXECUTOR-REFERENCE-ID-V1+
;           :PREDECESSOR-ENABLED-P
;           LSIP::*SEMANTIC-CONSTRUCTOR-EXECUTOR-REFERENCE-ENABLED-P*)
; 
; caught WARNING:
;   undefined variable: LSIP::*SEMANTIC-CONSTRUCTOR-EXECUTOR-REFERENCE-ENABLED-P*

; 
; caught WARNING:
;   2 more uses of undefined variable LSIP::*SEMANTIC-CONSTRUCTOR-EXECUTOR-REFERENCE-ENABLED-P*


; file: /home/user0/ORCHESTRATION/worktrees/goggles-vm-feedback-47fe6800/lisp/synthesis_runtime_hook_activation_v1.lisp
; in: DEFUN LSIP::SYNTHESIS-RUNTIME-HOOK-CURRENT-REF-V1
;     (ECASE LSIP::MUTATION-SURFACE
;       (:PROPOSAL-PROVIDER-HOOK
;        LSIP::*SYNTHESIS-PROPOSAL-PROVIDER-ACTIVE-COMPONENT-ID*)
;       (:PLANNER-HOOK LSIP::*SYNTHESIS-PLANNER-V2-ACTIVE-COMPONENT-ID*)
;       (:EXECUTION-HOOK LSIP::*SYNTHESIS-EXECUTION-V2-ACTIVE-COMPONENT-ID*)
;       (:ORCHESTRATOR-HOOK LSIP::*SYNTHESIS-ORCHESTRATOR-V2-ACTIVE-COMPONENT-ID*)
;       (:PROVIDER-RESOLUTION-HOOK
;        LSIP::*SYNTHESIS-PROVIDER-RESOLUTION-ACTIVE-COMPONENT-ID*)
;       (:CUTOVER-POLICY-HOOK
;        LSIP::*SYNTHESIS-AUTHORITY-CUTOVER-POLICY-ACTIVE-COMPONENT-ID*)
;       (:CONSTRUCTOR-PRIMITIVE-HOOK
;        LSIP::*SYNTHESIS-SELF-HOST-CONSTRUCTOR-PRIMITIVE-ACTIVE-COMPONENT-ID*)
;       (:CONSTRUCTOR-SERVICE-HOOK
;        LSIP::*SYNTHESIS-SELF-HOST-CONSTRUCTOR-SERVICE-ACTIVE-COMPONENT-ID*)
;       (:PROGRAM-IDENTITY-HOOK
;        LSIP::*SYNTHESIS-SELF-HOST-PROGRAM-IDENTITY-ACTIVE-COMPONENT-ID*)
;       (:CONSTRUCTOR-EXECUTOR-HOOK
;        LSIP::*SEMANTIC-CONSTRUCTOR-EXECUTOR-ACTIVE-COMPONENT-ID*)
;       ...)
; --> BLOCK WHEN IF LET WHEN IF RETURN-FROM COND 
; ==>
;   (IF (EQL #:H2 0)
;       LSIP::*SEMANTIC-CONSTRUCTOR-SYNTHESIZER-ACTIVE-COMPONENT-ID*
;       (IF (EQL #:H2 1)
;           LSIP::*SYNTHESIS-SELF-HOST-CONSTRUCTOR-PRIMITIVE-ACTIVE-COMPONENT-ID*
;           (IF (EQL #:H2 2)
;               LSIP::*SYNTHESIS-PROVIDER-RESOLUTION-ACTIVE-COMPONENT-ID*
;               (IF (EQL #:H2 5)
;                   LSIP::*SYNTHESIS-SELF-HOST-PROGRAM-IDENTITY-ACTIVE-COMPONENT-ID*
;                   (IF #
;                       LSIP::*SYNTHESIS-SELF-HOST-SUCCESSOR-CONTROLLER-ACTIVE-COMPONENT-ID*
;                       #)))))
; 
; caught WARNING:
;   undefined variable: LSIP::*SEMANTIC-CONSTRUCTOR-SYNTHESIZER-ACTIVE-COMPONENT-ID*


; file: /home/user0/ORCHESTRATION/worktrees/goggles-vm-feedback-47fe6800/lisp/synthesis_authority_cutover_v1.lisp
; in: DEFUN LSIP:APPLY-SYNTHESIS-AUTHORITY-CUTOVER-COMPATIBILITY-V1
;     (EQUAL LSIP::*SEMANTIC-CONSTRUCTOR-SYNTHESIZER-ACTIVE-COMPONENT-ID*
;            LSIP::EXPECTED-CURRENT-REF)
; 
; caught WARNING:
;   undefined variable: LSIP::*SEMANTIC-CONSTRUCTOR-SYNTHESIZER-ACTIVE-COMPONENT-ID*

; in: DEFUN LSIP::SYNTHESIS-AUTHORITY-CUTOVER-CURRENT-REF-V1
;     (ECASE (GETF LSIP::COMMAND :MUTATION-SURFACE)
;       (:SELECTOR-HOOK
;        LSIP::*SYNTHESIS-CAPABILITY-SELECTION-V2-ACTIVE-COMPONENT-ID*)
;       (:RANKING-HOOK LSIP::*SYNTHESIS-CAPABILITY-RANKING-ACTIVE-COMPONENT-ID*)
;       (:EVALUATOR-HOOK LSIP::*SYNTHESIS-EVALUATOR-DISPATCH-ACTIVE-COMPONENT-ID*)
;       (:ADMISSION-HOOK LSIP::*SYNTHESIS-ADMISSION-ACTIVE-COMPONENT-ID*)
;       (:PLANNER-HOOK LSIP::*SYNTHESIS-PLANNER-V2-ACTIVE-COMPONENT-ID*)
;       (:PROPOSAL-PROVIDER-HOOK
;        LSIP::*SYNTHESIS-PROPOSAL-PROVIDER-ACTIVE-COMPONENT-ID*)
;       (:EXECUTION-HOOK LSIP::*SYNTHESIS-EXECUTION-V2-ACTIVE-COMPONENT-ID*)
;       (:ORCHESTRATOR-HOOK LSIP::*SYNTHESIS-ORCHESTRATOR-V2-ACTIVE-COMPONENT-ID*)
;       (:PROVIDER-RESOLUTION-HOOK
;        LSIP::*SYNTHESIS-PROVIDER-RESOLUTION-ACTIVE-COMPONENT-ID*)
;       (:CUTOVER-POLICY-HOOK
;        LSIP::*SYNTHESIS-AUTHORITY-CUTOVER-POLICY-ACTIVE-COMPONENT-ID*)
;       ...)
; --> BLOCK WHEN IF LET WHEN IF RETURN-FROM COND IF IF IF IF IF IF IF IF IF IF 
; --> IF IF 
; ==>
;   (IF (EQL #:H2 41)
;       LSIP::*SEMANTIC-CONSTRUCTOR-SYNTHESIZER-ACTIVE-COMPONENT-ID*
;       (IF (EQL #:H2 48)
;           LSIP::*SYNTHESIS-PLANNER-V2-ACTIVE-COMPONENT-ID*
;           (IF (EQL #:H2 51)
;               LSIP::*SYNTHESIS-EXECUTION-V2-ACTIVE-COMPONENT-ID*
;               (IF (EQL #:H2 53)
;                   LSIP::*SYNTHESIS-EVALUATOR-DISPATCH-ACTIVE-COMPONENT-ID*
;                   (IF #
;                       LSIP::*SYNTHESIS-PROVIDER-RESOLUTION-ACTIVE-COMPONENT-ID*
;                       #)))))
; 
; caught WARNING:
;   undefined variable: LSIP::*SEMANTIC-CONSTRUCTOR-SYNTHESIZER-ACTIVE-COMPONENT-ID*

; 
; caught WARNING:
;   1 more use of undefined variable LSIP::*SEMANTIC-CONSTRUCTOR-SYNTHESIZER-ACTIVE-COMPONENT-ID*


; file: /home/user0/ORCHESTRATION/worktrees/goggles-vm-feedback-47fe6800/lisp/synthesis_self_host_predecessor_lockout_v1.lisp
; in: DEFUN LSIP::LOCKOUT-SYNTHESIS-SELF-HOST-PREDECESSORS-SH20-V1
;     (SETF LSIP::*SYNTHESIS-AUTHORITY-CUTOVER-POLICY-REFERENCE-ENABLED-P* NIL
;           LSIP::*SYNTHESIS-SELF-HOST-PROGRAM-IDENTITY-REFERENCE-ENABLED-P* NIL
;           LSIP::*SYNTHESIS-SELF-HOST-CONSTRUCTOR-PRIMITIVE-REFERENCE-ENABLED-P*
;             NIL
;           LSIP::*SEMANTIC-CONSTRUCTOR-EXECUTOR-REFERENCE-ENABLED-P* NIL
;           LSIP::*SEMANTIC-CONSTRUCTOR-SYNTHESIZER-REFERENCE-ENABLED-P* NIL
;           LSIP::*SEMANTIC-CONSTRUCTOR-VALIDATOR-REFERENCE-ENABLED-P* NIL
;           ...)
; --> SETF 
; ==>
;   (SETQ LSIP::*SEMANTIC-CONSTRUCTOR-SYNTHESIZER-REFERENCE-ENABLED-P* NIL)
; 
; caught WARNING:
;   undefined variable: LSIP::*SEMANTIC-CONSTRUCTOR-SYNTHESIZER-REFERENCE-ENABLED-P*

; in: DEFUN LSIP::SYNTHESIS-SELF-HOST-PREDECESSOR-FLAGS-SH20-V1
;     (LIST LSIP::*SYNTHESIS-AUTHORITY-CUTOVER-POLICY-REFERENCE-ENABLED-P*
;           LSIP::*SYNTHESIS-SELF-HOST-PROGRAM-IDENTITY-REFERENCE-ENABLED-P*
;           LSIP::*SYNTHESIS-SELF-HOST-CONSTRUCTOR-PRIMITIVE-REFERENCE-ENABLED-P*
;           LSIP::*SEMANTIC-CONSTRUCTOR-EXECUTOR-REFERENCE-ENABLED-P*
;           LSIP::*SEMANTIC-CONSTRUCTOR-SYNTHESIZER-REFERENCE-ENABLED-P*
;           LSIP::*SEMANTIC-CONSTRUCTOR-VALIDATOR-REFERENCE-ENABLED-P*
;           LSIP::*SYNTHESIS-SELF-HOST-CONSTRUCTOR-SERVICE-REFERENCE-ENABLED-P*
;           LSIP::*SYNTHESIS-PLANNER-V2-REFERENCE-ENABLED-P*
;           LSIP::*SYNTHESIS-CAPABILITY-SELECTION-V2-REFERENCE-ENABLED-P*
;           LSIP::*SYNTHESIS-CAPABILITY-RANKING-REFERENCE-ENABLED-P*
;           LSIP::*SYNTHESIS-PROVIDER-RESOLUTION-REFERENCE-ENABLED-P* ...)
; 
; caught WARNING:
;   undefined variable: LSIP::*SEMANTIC-CONSTRUCTOR-SYNTHESIZER-REFERENCE-ENABLED-P*


; file: /home/user0/ORCHESTRATION/worktrees/goggles-vm-feedback-47fe6800/lisp/synthesis_self_host_runtime_closure_v1.lisp
; in: DEFUN LSIP::SYNTHESIS-SELF-HOST-RUNTIME-COMPONENT-ROWS-SH19-V1
;     (LIST :COMPONENT :CONSTRUCTOR-SYNTHESIZER :ACTIVE-REF
;           LSIP::*SEMANTIC-CONSTRUCTOR-SYNTHESIZER-ACTIVE-COMPONENT-ID*
;           :PREDECESSOR-REF
;           LSIP::+SEMANTIC-CONSTRUCTOR-SYNTHESIZER-REFERENCE-ID-V1+
;           :PREDECESSOR-ENABLED-P
;           LSIP::*SEMANTIC-CONSTRUCTOR-SYNTHESIZER-REFERENCE-ENABLED-P*)
; 
; caught WARNING:
;   undefined variable: LSIP::*SEMANTIC-CONSTRUCTOR-SYNTHESIZER-REFERENCE-ENABLED-P*

; 
; caught WARNING:
;   2 more uses of undefined variable LSIP::*SEMANTIC-CONSTRUCTOR-SYNTHESIZER-REFERENCE-ENABLED-P*


; file: /home/user0/ORCHESTRATION/worktrees/goggles-vm-feedback-47fe6800/lisp/synthesis_runtime_hook_activation_v1.lisp
; in: DEFUN LSIP::SYNTHESIS-RUNTIME-HOOK-CURRENT-REF-V1
;     (ECASE LSIP::MUTATION-SURFACE
;       (:PROPOSAL-PROVIDER-HOOK
;        LSIP::*SYNTHESIS-PROPOSAL-PROVIDER-ACTIVE-COMPONENT-ID*)
;       (:PLANNER-HOOK LSIP::*SYNTHESIS-PLANNER-V2-ACTIVE-COMPONENT-ID*)
;       (:EXECUTION-HOOK LSIP::*SYNTHESIS-EXECUTION-V2-ACTIVE-COMPONENT-ID*)
;       (:ORCHESTRATOR-HOOK LSIP::*SYNTHESIS-ORCHESTRATOR-V2-ACTIVE-COMPONENT-ID*)
;       (:PROVIDER-RESOLUTION-HOOK
;        LSIP::*SYNTHESIS-PROVIDER-RESOLUTION-ACTIVE-COMPONENT-ID*)
;       (:CUTOVER-POLICY-HOOK
;        LSIP::*SYNTHESIS-AUTHORITY-CUTOVER-POLICY-ACTIVE-COMPONENT-ID*)
;       (:CONSTRUCTOR-PRIMITIVE-HOOK
;        LSIP::*SYNTHESIS-SELF-HOST-CONSTRUCTOR-PRIMITIVE-ACTIVE-COMPONENT-ID*)
;       (:CONSTRUCTOR-SERVICE-HOOK
;        LSIP::*SYNTHESIS-SELF-HOST-CONSTRUCTOR-SERVICE-ACTIVE-COMPONENT-ID*)
;       (:PROGRAM-IDENTITY-HOOK
;        LSIP::*SYNTHESIS-SELF-HOST-PROGRAM-IDENTITY-ACTIVE-COMPONENT-ID*)
;       (:CONSTRUCTOR-EXECUTOR-HOOK
;        LSIP::*SEMANTIC-CONSTRUCTOR-EXECUTOR-ACTIVE-COMPONENT-ID*)
;       ...)
; --> BLOCK WHEN IF LET WHEN IF RETURN-FROM COND IF IF IF IF IF IF IF IF IF IF 
; --> IF IF 
; ==>
;   (IF (EQL #:H2 31)
;       LSIP::*SEMANTIC-CONSTRUCTOR-VALIDATOR-ACTIVE-COMPONENT-ID*
;       (IF (OR (EQL #:H2 3) (EQL #:H2 4) (EQL #:H2 7) (EQL #:H2 8) (EQL #:H2 9)
;               (EQL #:H2 10) (EQL #:H2 11) (EQL #:H2 12) (EQL #:H2 13)
;               (EQL #:H2 15) (EQL #:H2 16) ...)
;           (SB-IMPL::UNREACHABLE)
;           (THE T (SB-IMPL::UNREACHABLE))))
; 
; caught WARNING:
;   undefined variable: LSIP::*SEMANTIC-CONSTRUCTOR-VALIDATOR-ACTIVE-COMPONENT-ID*


; file: /home/user0/ORCHESTRATION/worktrees/goggles-vm-feedback-47fe6800/lisp/synthesis_authority_cutover_v1.lisp
; in: DEFUN LSIP:APPLY-SYNTHESIS-AUTHORITY-CUTOVER-COMPATIBILITY-V1
;     (EQUAL LSIP::*SEMANTIC-CONSTRUCTOR-VALIDATOR-ACTIVE-COMPONENT-ID*
;            LSIP::EXPECTED-CURRENT-REF)
; 
; caught WARNING:
;   undefined variable: LSIP::*SEMANTIC-CONSTRUCTOR-VALIDATOR-ACTIVE-COMPONENT-ID*

; in: DEFUN LSIP::SYNTHESIS-AUTHORITY-CUTOVER-CURRENT-REF-V1
;     (ECASE (GETF LSIP::COMMAND :MUTATION-SURFACE)
;       (:SELECTOR-HOOK
;        LSIP::*SYNTHESIS-CAPABILITY-SELECTION-V2-ACTIVE-COMPONENT-ID*)
;       (:RANKING-HOOK LSIP::*SYNTHESIS-CAPABILITY-RANKING-ACTIVE-COMPONENT-ID*)
;       (:EVALUATOR-HOOK LSIP::*SYNTHESIS-EVALUATOR-DISPATCH-ACTIVE-COMPONENT-ID*)
;       (:ADMISSION-HOOK LSIP::*SYNTHESIS-ADMISSION-ACTIVE-COMPONENT-ID*)
;       (:PLANNER-HOOK LSIP::*SYNTHESIS-PLANNER-V2-ACTIVE-COMPONENT-ID*)
;       (:PROPOSAL-PROVIDER-HOOK
;        LSIP::*SYNTHESIS-PROPOSAL-PROVIDER-ACTIVE-COMPONENT-ID*)
;       (:EXECUTION-HOOK LSIP::*SYNTHESIS-EXECUTION-V2-ACTIVE-COMPONENT-ID*)
;       (:ORCHESTRATOR-HOOK LSIP::*SYNTHESIS-ORCHESTRATOR-V2-ACTIVE-COMPONENT-ID*)
;       (:PROVIDER-RESOLUTION-HOOK
;        LSIP::*SYNTHESIS-PROVIDER-RESOLUTION-ACTIVE-COMPONENT-ID*)
;       (:CUTOVER-POLICY-HOOK
;        LSIP::*SYNTHESIS-AUTHORITY-CUTOVER-POLICY-ACTIVE-COMPONENT-ID*)
;       ...)
; --> BLOCK WHEN IF LET WHEN IF RETURN-FROM COND IF IF IF IF IF IF IF 
; ==>
;   (IF (EQL #:H2 28)
;       LSIP::*SEMANTIC-CONSTRUCTOR-VALIDATOR-ACTIVE-COMPONENT-ID*
;       (IF (EQL #:H2 29)
;           LSIP::*SYNTHESIS-SELF-HOST-PROGRAM-IDENTITY-ACTIVE-COMPONENT-ID*
;           (IF (EQL #:H2 32)
;               LSIP::*SYNTHESIS-SELF-HOST-CONSTRUCTOR-SERVICE-ACTIVE-COMPONENT-ID*
;               (IF (EQL #:H2 34)
;                   LSIP::*SYNTHESIS-CAPABILITY-RANKING-ACTIVE-COMPONENT-ID*
;                   (IF #
;                       LSIP::*SYNTHESIS-AUTHORITY-CUTOVER-POLICY-ACTIVE-COMPONENT-ID*
;                       #)))))
; 
; caught WARNING:
;   undefined variable: LSIP::*SEMANTIC-CONSTRUCTOR-VALIDATOR-ACTIVE-COMPONENT-ID*

; 
; caught WARNING:
;   1 more use of undefined variable LSIP::*SEMANTIC-CONSTRUCTOR-VALIDATOR-ACTIVE-COMPONENT-ID*


; file: /home/user0/ORCHESTRATION/worktrees/goggles-vm-feedback-47fe6800/lisp/synthesis_self_host_predecessor_lockout_v1.lisp
; in: DEFUN LSIP::LOCKOUT-SYNTHESIS-SELF-HOST-PREDECESSORS-SH20-V1
;     (SETF LSIP::*SYNTHESIS-AUTHORITY-CUTOVER-POLICY-REFERENCE-ENABLED-P* NIL
;           LSIP::*SYNTHESIS-SELF-HOST-PROGRAM-IDENTITY-REFERENCE-ENABLED-P* NIL
;           LSIP::*SYNTHESIS-SELF-HOST-CONSTRUCTOR-PRIMITIVE-REFERENCE-ENABLED-P*
;             NIL
;           LSIP::*SEMANTIC-CONSTRUCTOR-EXECUTOR-REFERENCE-ENABLED-P* NIL
;           LSIP::*SEMANTIC-CONSTRUCTOR-SYNTHESIZER-REFERENCE-ENABLED-P* NIL
;           LSIP::*SEMANTIC-CONSTRUCTOR-VALIDATOR-REFERENCE-ENABLED-P* NIL
;           ...)
; --> SETF 
; ==>
;   (SETQ LSIP::*SEMANTIC-CONSTRUCTOR-VALIDATOR-REFERENCE-ENABLED-P* NIL)
; 
; caught WARNING:
;   undefined variable: LSIP::*SEMANTIC-CONSTRUCTOR-VALIDATOR-REFERENCE-ENABLED-P*

; in: DEFUN LSIP::SYNTHESIS-SELF-HOST-PREDECESSOR-FLAGS-SH20-V1
;     (LIST LSIP::*SYNTHESIS-AUTHORITY-CUTOVER-POLICY-REFERENCE-ENABLED-P*
;           LSIP::*SYNTHESIS-SELF-HOST-PROGRAM-IDENTITY-REFERENCE-ENABLED-P*
;           LSIP::*SYNTHESIS-SELF-HOST-CONSTRUCTOR-PRIMITIVE-REFERENCE-ENABLED-P*
;           LSIP::*SEMANTIC-CONSTRUCTOR-EXECUTOR-REFERENCE-ENABLED-P*
;           LSIP::*SEMANTIC-CONSTRUCTOR-SYNTHESIZER-REFERENCE-ENABLED-P*
;           LSIP::*SEMANTIC-CONSTRUCTOR-VALIDATOR-REFERENCE-ENABLED-P*
;           LSIP::*SYNTHESIS-SELF-HOST-CONSTRUCTOR-SERVICE-REFERENCE-ENABLED-P*
;           LSIP::*SYNTHESIS-PLANNER-V2-REFERENCE-ENABLED-P*
;           LSIP::*SYNTHESIS-CAPABILITY-SELECTION-V2-REFERENCE-ENABLED-P*
;           LSIP::*SYNTHESIS-CAPABILITY-RANKING-REFERENCE-ENABLED-P*
;           LSIP::*SYNTHESIS-PROVIDER-RESOLUTION-REFERENCE-ENABLED-P* ...)
; 
; caught WARNING:
;   undefined variable: LSIP::*SEMANTIC-CONSTRUCTOR-VALIDATOR-REFERENCE-ENABLED-P*


; file: /home/user0/ORCHESTRATION/worktrees/goggles-vm-feedback-47fe6800/lisp/synthesis_self_host_runtime_closure_v1.lisp
; in: DEFUN LSIP::SYNTHESIS-SELF-HOST-RUNTIME-COMPONENT-ROWS-SH19-V1
;     (LIST :COMPONENT :CONSTRUCTOR-VALIDATOR :ACTIVE-REF
;           LSIP::*SEMANTIC-CONSTRUCTOR-VALIDATOR-ACTIVE-COMPONENT-ID*
;           :PREDECESSOR-REF LSIP::+SEMANTIC-CONSTRUCTOR-VALIDATOR-REFERENCE-ID-V1+
;           :PREDECESSOR-ENABLED-P
;           LSIP::*SEMANTIC-CONSTRUCTOR-VALIDATOR-REFERENCE-ENABLED-P*)
; 
; caught WARNING:
;   undefined variable: LSIP::*SEMANTIC-CONSTRUCTOR-VALIDATOR-REFERENCE-ENABLED-P*

; 
; caught WARNING:
;   2 more uses of undefined variable LSIP::*SEMANTIC-CONSTRUCTOR-VALIDATOR-REFERENCE-ENABLED-P*


; file: /home/user0/ORCHESTRATION/worktrees/goggles-vm-feedback-47fe6800/lisp/synthesis_proposal_v1.lisp
; in: DEFUN LSIP::SYNTHESIS-PROPOSAL-V1-AUTHORITY-FINGERPRINT
;     (LSIP::MAKE-SYNTHESIS-AUTHORITY-ROOTS-V1 :KERNEL
;                                              (LSIP::SYNTHESIS-OBLIGATION-V1-KERNEL-DIGEST)
;                                              :OVERLAY
;                                              LSIP::*SEMANTIC-SYNTHESIS-OVERLAY-REGISTRY*
;                                              :ADMISSIONS
;                                              LSIP::*SEMANTIC-SYNTHESIS-ADMISSION-EVIDENCE*
;                                              :LIFECYCLES
;                                              LSIP::*SEMANTIC-SYNTHESIS-LIFECYCLE-EVIDENCE*
;                                              :DAG-NODES
;                                              LSIP::*SEMANTIC-SYNTHESIS-OBLIGATION-DAG-NODES*
;                                              :DAG-EDGES ...)
; 
; caught WARNING:
;   undefined variable: LSIP::*SYNTHESIS-REALIZATION-BINDINGS-V1*


; file: /home/user0/ORCHESTRATION/worktrees/goggles-vm-feedback-47fe6800/lisp/synthesis_self_host_v2_successor_generation_v1.lisp
; in:
;      DEFUN LSIP::SYNTHESIS-SELF-HOST-V2-CONSTRUCTOR-VALIDATOR-ACTIVATION-SH29-V1
;     (LIST LSIP::*SYNTHESIS-SELF-HOST-COMPONENT-CONSTRUCTOR-SH35-CAPABILITY-V1*)
; 
; caught WARNING:
;   undefined variable: LSIP::*SYNTHESIS-SELF-HOST-COMPONENT-CONSTRUCTOR-SH35-CAPABILITY-V1*

; in:
;      DEFUN LSIP::SYNTHESIS-SELF-HOST-V2-CONSTRUCTOR-SYNTHESIZER-ACTIVATION-SH29-V1
;     (LIST LSIP::*SYNTHESIS-SELF-HOST-COMPONENT-CONSTRUCTOR-SH35-CAPABILITY-V1*)
; 
; caught WARNING:
;   undefined variable: LSIP::*SYNTHESIS-SELF-HOST-COMPONENT-CONSTRUCTOR-SH35-CAPABILITY-V1*


; file: /home/user0/ORCHESTRATION/worktrees/goggles-vm-feedback-47fe6800/lisp/synthesis_runtime_hook_activation_v1.lisp
; in: DEFUN LSIP::SYNTHESIS-RUNTIME-HOOK-CURRENT-REF-V1
;     (ECASE LSIP::MUTATION-SURFACE
;       (:PROPOSAL-PROVIDER-HOOK
;        LSIP::*SYNTHESIS-PROPOSAL-PROVIDER-ACTIVE-COMPONENT-ID*)
;       (:PLANNER-HOOK LSIP::*SYNTHESIS-PLANNER-V2-ACTIVE-COMPONENT-ID*)
;       (:EXECUTION-HOOK LSIP::*SYNTHESIS-EXECUTION-V2-ACTIVE-COMPONENT-ID*)
;       (:ORCHESTRATOR-HOOK LSIP::*SYNTHESIS-ORCHESTRATOR-V2-ACTIVE-COMPONENT-ID*)
;       (:PROVIDER-RESOLUTION-HOOK
;        LSIP::*SYNTHESIS-PROVIDER-RESOLUTION-ACTIVE-COMPONENT-ID*)
;       (:CUTOVER-POLICY-HOOK
;        LSIP::*SYNTHESIS-AUTHORITY-CUTOVER-POLICY-ACTIVE-COMPONENT-ID*)
;       (:CONSTRUCTOR-PRIMITIVE-HOOK
;        LSIP::*SYNTHESIS-SELF-HOST-CONSTRUCTOR-PRIMITIVE-ACTIVE-COMPONENT-ID*)
;       (:CONSTRUCTOR-SERVICE-HOOK
;        LSIP::*SYNTHESIS-SELF-HOST-CONSTRUCTOR-SERVICE-ACTIVE-COMPONENT-ID*)
;       (:PROGRAM-IDENTITY-HOOK
;        LSIP::*SYNTHESIS-SELF-HOST-PROGRAM-IDENTITY-ACTIVE-COMPONENT-ID*)
;       (:CONSTRUCTOR-EXECUTOR-HOOK
;        LSIP::*SEMANTIC-CONSTRUCTOR-EXECUTOR-ACTIVE-COMPONENT-ID*)
;       ...)
; --> BLOCK WHEN IF LET WHEN IF RETURN-FROM COND IF 
; ==>
;   (IF (EQL #:H2 1)
;       LSIP::*SYNTHESIS-SELF-HOST-CONSTRUCTOR-PRIMITIVE-ACTIVE-COMPONENT-ID*
;       (IF (EQL #:H2 2)
;           LSIP::*SYNTHESIS-PROVIDER-RESOLUTION-ACTIVE-COMPONENT-ID*
;           (IF (EQL #:H2 5)
;               LSIP::*SYNTHESIS-SELF-HOST-PROGRAM-IDENTITY-ACTIVE-COMPONENT-ID*
;               (IF (EQL #:H2 6)
;                   LSIP::*SYNTHESIS-SELF-HOST-SUCCESSOR-CONTROLLER-ACTIVE-COMPONENT-ID*
;                   (IF #
;                       LSIP::*SYNTHESIS-PLANNER-V2-ACTIVE-COMPONENT-ID*
;                       #)))))
; 
; caught WARNING:
;   undefined variable: LSIP::*SYNTHESIS-SELF-HOST-CONSTRUCTOR-PRIMITIVE-ACTIVE-COMPONENT-ID*


; file: /home/user0/ORCHESTRATION/worktrees/goggles-vm-feedback-47fe6800/lisp/synthesis_authority_cutover_v1.lisp
; in: DEFUN LSIP:APPLY-SYNTHESIS-AUTHORITY-CUTOVER-COMPATIBILITY-V1
;     (EQUAL LSIP::*SYNTHESIS-SELF-HOST-CONSTRUCTOR-PRIMITIVE-ACTIVE-COMPONENT-ID*
;            LSIP::EXPECTED-CURRENT-REF)
; 
; caught WARNING:
;   undefined variable: LSIP::*SYNTHESIS-SELF-HOST-CONSTRUCTOR-PRIMITIVE-ACTIVE-COMPONENT-ID*

; in: DEFUN LSIP::SYNTHESIS-AUTHORITY-CUTOVER-CURRENT-REF-V1
;     (ECASE (GETF LSIP::COMMAND :MUTATION-SURFACE)
;       (:SELECTOR-HOOK
;        LSIP::*SYNTHESIS-CAPABILITY-SELECTION-V2-ACTIVE-COMPONENT-ID*)
;       (:RANKING-HOOK LSIP::*SYNTHESIS-CAPABILITY-RANKING-ACTIVE-COMPONENT-ID*)
;       (:EVALUATOR-HOOK LSIP::*SYNTHESIS-EVALUATOR-DISPATCH-ACTIVE-COMPONENT-ID*)
;       (:ADMISSION-HOOK LSIP::*SYNTHESIS-ADMISSION-ACTIVE-COMPONENT-ID*)
;       (:PLANNER-HOOK LSIP::*SYNTHESIS-PLANNER-V2-ACTIVE-COMPONENT-ID*)
;       (:PROPOSAL-PROVIDER-HOOK
;        LSIP::*SYNTHESIS-PROPOSAL-PROVIDER-ACTIVE-COMPONENT-ID*)
;       (:EXECUTION-HOOK LSIP::*SYNTHESIS-EXECUTION-V2-ACTIVE-COMPONENT-ID*)
;       (:ORCHESTRATOR-HOOK LSIP::*SYNTHESIS-ORCHESTRATOR-V2-ACTIVE-COMPONENT-ID*)
;       (:PROVIDER-RESOLUTION-HOOK
;        LSIP::*SYNTHESIS-PROVIDER-RESOLUTION-ACTIVE-COMPONENT-ID*)
;       (:CUTOVER-POLICY-HOOK
;        LSIP::*SYNTHESIS-AUTHORITY-CUTOVER-POLICY-ACTIVE-COMPONENT-ID*)
;       ...)
; --> BLOCK WHEN IF LET WHEN IF RETURN-FROM COND IF IF IF IF IF 
; ==>
;   (IF (EQL #:H2 23)
;       LSIP::*SYNTHESIS-SELF-HOST-CONSTRUCTOR-PRIMITIVE-ACTIVE-COMPONENT-ID*
;       (IF (EQL #:H2 25)
;           LSIP::*SEMANTIC-CONSTRUCTOR-EXECUTOR-ACTIVE-COMPONENT-ID*
;           (IF (EQL #:H2 28)
;               LSIP::*SEMANTIC-CONSTRUCTOR-VALIDATOR-ACTIVE-COMPONENT-ID*
;               (IF (EQL #:H2 29)
;                   LSIP::*SYNTHESIS-SELF-HOST-PROGRAM-IDENTITY-ACTIVE-COMPONENT-ID*
;                   (IF #
;                       LSIP::*SYNTHESIS-SELF-HOST-CONSTRUCTOR-SERVICE-ACTIVE-COMPONENT-ID*
;                       #)))))
; 
; caught WARNING:
;   undefined variable: LSIP::*SYNTHESIS-SELF-HOST-CONSTRUCTOR-PRIMITIVE-ACTIVE-COMPONENT-ID*

; 
; caught WARNING:
;   1 more use of undefined variable LSIP::*SYNTHESIS-SELF-HOST-CONSTRUCTOR-PRIMITIVE-ACTIVE-COMPONENT-ID*


; file: /home/user0/ORCHESTRATION/worktrees/goggles-vm-feedback-47fe6800/lisp/synthesis_self_host_predecessor_lockout_v1.lisp
; in: DEFUN LSIP::LOCKOUT-SYNTHESIS-SELF-HOST-PREDECESSORS-SH20-V1
;     (SETF LSIP::*SYNTHESIS-AUTHORITY-CUTOVER-POLICY-REFERENCE-ENABLED-P* NIL
;           LSIP::*SYNTHESIS-SELF-HOST-PROGRAM-IDENTITY-REFERENCE-ENABLED-P* NIL
;           LSIP::*SYNTHESIS-SELF-HOST-CONSTRUCTOR-PRIMITIVE-REFERENCE-ENABLED-P*
;             NIL
;           LSIP::*SEMANTIC-CONSTRUCTOR-EXECUTOR-REFERENCE-ENABLED-P* NIL
;           LSIP::*SEMANTIC-CONSTRUCTOR-SYNTHESIZER-REFERENCE-ENABLED-P* NIL
;           LSIP::*SEMANTIC-CONSTRUCTOR-VALIDATOR-REFERENCE-ENABLED-P* NIL
;           ...)
; --> SETF 
; ==>
;   (SETQ LSIP::*SYNTHESIS-SELF-HOST-CONSTRUCTOR-PRIMITIVE-REFERENCE-ENABLED-P*
;           NIL)
; 
; caught WARNING:
;   undefined variable: LSIP::*SYNTHESIS-SELF-HOST-CONSTRUCTOR-PRIMITIVE-REFERENCE-ENABLED-P*

; in: DEFUN LSIP::SYNTHESIS-SELF-HOST-PREDECESSOR-FLAGS-SH20-V1
;     (LIST LSIP::*SYNTHESIS-AUTHORITY-CUTOVER-POLICY-REFERENCE-ENABLED-P*
;           LSIP::*SYNTHESIS-SELF-HOST-PROGRAM-IDENTITY-REFERENCE-ENABLED-P*
;           LSIP::*SYNTHESIS-SELF-HOST-CONSTRUCTOR-PRIMITIVE-REFERENCE-ENABLED-P*
;           LSIP::*SEMANTIC-CONSTRUCTOR-EXECUTOR-REFERENCE-ENABLED-P*
;           LSIP::*SEMANTIC-CONSTRUCTOR-SYNTHESIZER-REFERENCE-ENABLED-P*
;           LSIP::*SEMANTIC-CONSTRUCTOR-VALIDATOR-REFERENCE-ENABLED-P*
;           LSIP::*SYNTHESIS-SELF-HOST-CONSTRUCTOR-SERVICE-REFERENCE-ENABLED-P*
;           LSIP::*SYNTHESIS-PLANNER-V2-REFERENCE-ENABLED-P*
;           LSIP::*SYNTHESIS-CAPABILITY-SELECTION-V2-REFERENCE-ENABLED-P*
;           LSIP::*SYNTHESIS-CAPABILITY-RANKING-REFERENCE-ENABLED-P*
;           LSIP::*SYNTHESIS-PROVIDER-RESOLUTION-REFERENCE-ENABLED-P* ...)
; 
; caught WARNING:
;   undefined variable: LSIP::*SYNTHESIS-SELF-HOST-CONSTRUCTOR-PRIMITIVE-REFERENCE-ENABLED-P*


; file: /home/user0/ORCHESTRATION/worktrees/goggles-vm-feedback-47fe6800/lisp/synthesis_self_host_runtime_closure_v1.lisp
; in: DEFUN LSIP::SYNTHESIS-SELF-HOST-RUNTIME-COMPONENT-ROWS-SH19-V1
;     (LIST :COMPONENT :CONSTRUCTOR-PRIMITIVE :ACTIVE-REF
;           LSIP::*SYNTHESIS-SELF-HOST-CONSTRUCTOR-PRIMITIVE-ACTIVE-COMPONENT-ID*
;           :PREDECESSOR-REF
;           LSIP::+SYNTHESIS-SELF-HOST-CONSTRUCTOR-PRIMITIVE-REFERENCE-ID-V1+
;           :PREDECESSOR-ENABLED-P
;           LSIP::*SYNTHESIS-SELF-HOST-CONSTRUCTOR-PRIMITIVE-REFERENCE-ENABLED-P*)
; 
; caught WARNING:
;   undefined variable: LSIP::*SYNTHESIS-SELF-HOST-CONSTRUCTOR-PRIMITIVE-REFERENCE-ENABLED-P*

; 
; caught WARNING:
;   2 more uses of undefined variable LSIP::*SYNTHESIS-SELF-HOST-CONSTRUCTOR-PRIMITIVE-REFERENCE-ENABLED-P*


; file: /home/user0/ORCHESTRATION/worktrees/goggles-vm-feedback-47fe6800/lisp/synthesis_runtime_hook_activation_v1.lisp
; in: DEFUN LSIP::SYNTHESIS-RUNTIME-HOOK-CURRENT-REF-V1
;     (ECASE LSIP::MUTATION-SURFACE
;       (:PROPOSAL-PROVIDER-HOOK
;        LSIP::*SYNTHESIS-PROPOSAL-PROVIDER-ACTIVE-COMPONENT-ID*)
;       (:PLANNER-HOOK LSIP::*SYNTHESIS-PLANNER-V2-ACTIVE-COMPONENT-ID*)
;       (:EXECUTION-HOOK LSIP::*SYNTHESIS-EXECUTION-V2-ACTIVE-COMPONENT-ID*)
;       (:ORCHESTRATOR-HOOK LSIP::*SYNTHESIS-ORCHESTRATOR-V2-ACTIVE-COMPONENT-ID*)
;       (:PROVIDER-RESOLUTION-HOOK
;        LSIP::*SYNTHESIS-PROVIDER-RESOLUTION-ACTIVE-COMPONENT-ID*)
;       (:CUTOVER-POLICY-HOOK
;        LSIP::*SYNTHESIS-AUTHORITY-CUTOVER-POLICY-ACTIVE-COMPONENT-ID*)
;       (:CONSTRUCTOR-PRIMITIVE-HOOK
;        LSIP::*SYNTHESIS-SELF-HOST-CONSTRUCTOR-PRIMITIVE-ACTIVE-COMPONENT-ID*)
;       (:CONSTRUCTOR-SERVICE-HOOK
;        LSIP::*SYNTHESIS-SELF-HOST-CONSTRUCTOR-SERVICE-ACTIVE-COMPONENT-ID*)
;       (:PROGRAM-IDENTITY-HOOK
;        LSIP::*SYNTHESIS-SELF-HOST-PROGRAM-IDENTITY-ACTIVE-COMPONENT-ID*)
;       (:CONSTRUCTOR-EXECUTOR-HOOK
;        LSIP::*SEMANTIC-CONSTRUCTOR-EXECUTOR-ACTIVE-COMPONENT-ID*)
;       ...)
; --> BLOCK WHEN IF LET WHEN IF RETURN-FROM COND IF IF IF IF IF IF IF 
; ==>
;   (IF (EQL #:H2 24)
;       LSIP::*SYNTHESIS-SELF-HOST-CONSTRUCTOR-SERVICE-ACTIVE-COMPONENT-ID*
;       (IF (EQL #:H2 25)
;           LSIP::*SYNTHESIS-ORCHESTRATOR-V2-ACTIVE-COMPONENT-ID*
;           (IF (EQL #:H2 26)
;               LSIP::*SYNTHESIS-EXECUTION-V2-ACTIVE-COMPONENT-ID*
;               (IF (EQL #:H2 28)
;                   LSIP::*SEMANTIC-CONSTRUCTOR-EXECUTOR-ACTIVE-COMPONENT-ID*
;                   (IF #
;                       LSIP::*SYNTHESIS-AUTHORITY-CUTOVER-POLICY-ACTIVE-COMPONENT-ID*
;                       #)))))
; 
; caught WARNING:
;   undefined variable: LSIP::*SYNTHESIS-SELF-HOST-CONSTRUCTOR-SERVICE-ACTIVE-COMPONENT-ID*


; file: /home/user0/ORCHESTRATION/worktrees/goggles-vm-feedback-47fe6800/lisp/synthesis_authority_cutover_v1.lisp
; in: DEFUN LSIP:APPLY-SYNTHESIS-AUTHORITY-CUTOVER-COMPATIBILITY-V1
;     (EQUAL LSIP::*SYNTHESIS-SELF-HOST-CONSTRUCTOR-SERVICE-ACTIVE-COMPONENT-ID*
;            LSIP::EXPECTED-CURRENT-REF)
; 
; caught WARNING:
;   undefined variable: LSIP::*SYNTHESIS-SELF-HOST-CONSTRUCTOR-SERVICE-ACTIVE-COMPONENT-ID*

; in: DEFUN LSIP::SYNTHESIS-AUTHORITY-CUTOVER-CURRENT-REF-V1
;     (ECASE (GETF LSIP::COMMAND :MUTATION-SURFACE)
;       (:SELECTOR-HOOK
;        LSIP::*SYNTHESIS-CAPABILITY-SELECTION-V2-ACTIVE-COMPONENT-ID*)
;       (:RANKING-HOOK LSIP::*SYNTHESIS-CAPABILITY-RANKING-ACTIVE-COMPONENT-ID*)
;       (:EVALUATOR-HOOK LSIP::*SYNTHESIS-EVALUATOR-DISPATCH-ACTIVE-COMPONENT-ID*)
;       (:ADMISSION-HOOK LSIP::*SYNTHESIS-ADMISSION-ACTIVE-COMPONENT-ID*)
;       (:PLANNER-HOOK LSIP::*SYNTHESIS-PLANNER-V2-ACTIVE-COMPONENT-ID*)
;       (:PROPOSAL-PROVIDER-HOOK
;        LSIP::*SYNTHESIS-PROPOSAL-PROVIDER-ACTIVE-COMPONENT-ID*)
;       (:EXECUTION-HOOK LSIP::*SYNTHESIS-EXECUTION-V2-ACTIVE-COMPONENT-ID*)
;       (:ORCHESTRATOR-HOOK LSIP::*SYNTHESIS-ORCHESTRATOR-V2-ACTIVE-COMPONENT-ID*)
;       (:PROVIDER-RESOLUTION-HOOK
;        LSIP::*SYNTHESIS-PROVIDER-RESOLUTION-ACTIVE-COMPONENT-ID*)
;       (:CUTOVER-POLICY-HOOK
;        LSIP::*SYNTHESIS-AUTHORITY-CUTOVER-POLICY-ACTIVE-COMPONENT-ID*)
;       ...)
; --> BLOCK WHEN IF LET WHEN IF RETURN-FROM COND IF IF IF IF IF IF IF IF IF 
; ==>
;   (IF (EQL #:H2 32)
;       LSIP::*SYNTHESIS-SELF-HOST-CONSTRUCTOR-SERVICE-ACTIVE-COMPONENT-ID*
;       (IF (EQL #:H2 34)
;           LSIP::*SYNTHESIS-CAPABILITY-RANKING-ACTIVE-COMPONENT-ID*
;           (IF (EQL #:H2 36)
;               LSIP::*SYNTHESIS-AUTHORITY-CUTOVER-POLICY-ACTIVE-COMPONENT-ID*
;               (IF (EQL #:H2 41)
;                   LSIP::*SEMANTIC-CONSTRUCTOR-SYNTHESIZER-ACTIVE-COMPONENT-ID*
;                   (IF #
;                       LSIP::*SYNTHESIS-PLANNER-V2-ACTIVE-COMPONENT-ID*
;                       #)))))
; 
; caught WARNING:
;   undefined variable: LSIP::*SYNTHESIS-SELF-HOST-CONSTRUCTOR-SERVICE-ACTIVE-COMPONENT-ID*

; 
; caught WARNING:
;   1 more use of undefined variable LSIP::*SYNTHESIS-SELF-HOST-CONSTRUCTOR-SERVICE-ACTIVE-COMPONENT-ID*


; file: /home/user0/ORCHESTRATION/worktrees/goggles-vm-feedback-47fe6800/lisp/synthesis_self_host_predecessor_lockout_v1.lisp
; in: DEFUN LSIP::LOCKOUT-SYNTHESIS-SELF-HOST-PREDECESSORS-SH20-V1
;     (SETF LSIP::*SYNTHESIS-AUTHORITY-CUTOVER-POLICY-REFERENCE-ENABLED-P* NIL
;           LSIP::*SYNTHESIS-SELF-HOST-PROGRAM-IDENTITY-REFERENCE-ENABLED-P* NIL
;           LSIP::*SYNTHESIS-SELF-HOST-CONSTRUCTOR-PRIMITIVE-REFERENCE-ENABLED-P*
;             NIL
;           LSIP::*SEMANTIC-CONSTRUCTOR-EXECUTOR-REFERENCE-ENABLED-P* NIL
;           LSIP::*SEMANTIC-CONSTRUCTOR-SYNTHESIZER-REFERENCE-ENABLED-P* NIL
;           LSIP::*SEMANTIC-CONSTRUCTOR-VALIDATOR-REFERENCE-ENABLED-P* NIL
;           ...)
; --> SETF 
; ==>
;   (SETQ LSIP::*SYNTHESIS-SELF-HOST-CONSTRUCTOR-SERVICE-REFERENCE-ENABLED-P* NIL)
; 
; caught WARNING:
;   undefined variable: LSIP::*SYNTHESIS-SELF-HOST-CONSTRUCTOR-SERVICE-REFERENCE-ENABLED-P*

; in: DEFUN LSIP::SYNTHESIS-SELF-HOST-PREDECESSOR-FLAGS-SH20-V1
;     (LIST LSIP::*SYNTHESIS-AUTHORITY-CUTOVER-POLICY-REFERENCE-ENABLED-P*
;           LSIP::*SYNTHESIS-SELF-HOST-PROGRAM-IDENTITY-REFERENCE-ENABLED-P*
;           LSIP::*SYNTHESIS-SELF-HOST-CONSTRUCTOR-PRIMITIVE-REFERENCE-ENABLED-P*
;           LSIP::*SEMANTIC-CONSTRUCTOR-EXECUTOR-REFERENCE-ENABLED-P*
;           LSIP::*SEMANTIC-CONSTRUCTOR-SYNTHESIZER-REFERENCE-ENABLED-P*
;           LSIP::*SEMANTIC-CONSTRUCTOR-VALIDATOR-REFERENCE-ENABLED-P*
;           LSIP::*SYNTHESIS-SELF-HOST-CONSTRUCTOR-SERVICE-REFERENCE-ENABLED-P*
;           LSIP::*SYNTHESIS-PLANNER-V2-REFERENCE-ENABLED-P*
;           LSIP::*SYNTHESIS-CAPABILITY-SELECTION-V2-REFERENCE-ENABLED-P*
;           LSIP::*SYNTHESIS-CAPABILITY-RANKING-REFERENCE-ENABLED-P*
;           LSIP::*SYNTHESIS-PROVIDER-RESOLUTION-REFERENCE-ENABLED-P* ...)
; 
; caught WARNING:
;   undefined variable: LSIP::*SYNTHESIS-SELF-HOST-CONSTRUCTOR-SERVICE-REFERENCE-ENABLED-P*


; file: /home/user0/ORCHESTRATION/worktrees/goggles-vm-feedback-47fe6800/lisp/synthesis_self_host_runtime_closure_v1.lisp
; in: DEFUN LSIP::SYNTHESIS-SELF-HOST-RUNTIME-COMPONENT-ROWS-SH19-V1
;     (LIST :COMPONENT :CONSTRUCTOR-SERVICE :ACTIVE-REF
;           LSIP::*SYNTHESIS-SELF-HOST-CONSTRUCTOR-SERVICE-ACTIVE-COMPONENT-ID*
;           :PREDECESSOR-REF
;           LSIP::+SYNTHESIS-SELF-HOST-CONSTRUCTOR-SERVICE-REFERENCE-ID-V1+
;           :PREDECESSOR-ENABLED-P
;           LSIP::*SYNTHESIS-SELF-HOST-CONSTRUCTOR-SERVICE-REFERENCE-ENABLED-P*)
; 
; caught WARNING:
;   undefined variable: LSIP::*SYNTHESIS-SELF-HOST-CONSTRUCTOR-SERVICE-REFERENCE-ENABLED-P*

; 
; caught WARNING:
;   2 more uses of undefined variable LSIP::*SYNTHESIS-SELF-HOST-CONSTRUCTOR-SERVICE-REFERENCE-ENABLED-P*


; file: /home/user0/ORCHESTRATION/worktrees/goggles-vm-feedback-47fe6800/lisp/synthesis_runtime_hook_activation_v1.lisp
; in: DEFUN LSIP::SYNTHESIS-RUNTIME-HOOK-CURRENT-REF-V1
;     (ECASE LSIP::MUTATION-SURFACE
;       (:PROPOSAL-PROVIDER-HOOK
;        LSIP::*SYNTHESIS-PROPOSAL-PROVIDER-ACTIVE-COMPONENT-ID*)
;       (:PLANNER-HOOK LSIP::*SYNTHESIS-PLANNER-V2-ACTIVE-COMPONENT-ID*)
;       (:EXECUTION-HOOK LSIP::*SYNTHESIS-EXECUTION-V2-ACTIVE-COMPONENT-ID*)
;       (:ORCHESTRATOR-HOOK LSIP::*SYNTHESIS-ORCHESTRATOR-V2-ACTIVE-COMPONENT-ID*)
;       (:PROVIDER-RESOLUTION-HOOK
;        LSIP::*SYNTHESIS-PROVIDER-RESOLUTION-ACTIVE-COMPONENT-ID*)
;       (:CUTOVER-POLICY-HOOK
;        LSIP::*SYNTHESIS-AUTHORITY-CUTOVER-POLICY-ACTIVE-COMPONENT-ID*)
;       (:CONSTRUCTOR-PRIMITIVE-HOOK
;        LSIP::*SYNTHESIS-SELF-HOST-CONSTRUCTOR-PRIMITIVE-ACTIVE-COMPONENT-ID*)
;       (:CONSTRUCTOR-SERVICE-HOOK
;        LSIP::*SYNTHESIS-SELF-HOST-CONSTRUCTOR-SERVICE-ACTIVE-COMPONENT-ID*)
;       (:PROGRAM-IDENTITY-HOOK
;        LSIP::*SYNTHESIS-SELF-HOST-PROGRAM-IDENTITY-ACTIVE-COMPONENT-ID*)
;       (:CONSTRUCTOR-EXECUTOR-HOOK
;        LSIP::*SEMANTIC-CONSTRUCTOR-EXECUTOR-ACTIVE-COMPONENT-ID*)
;       ...)
; --> BLOCK WHEN IF LET WHEN IF RETURN-FROM COND IF IF IF 
; ==>
;   (IF (EQL #:H2 5)
;       LSIP::*SYNTHESIS-SELF-HOST-PROGRAM-IDENTITY-ACTIVE-COMPONENT-ID*
;       (IF (EQL #:H2 6)
;           LSIP::*SYNTHESIS-SELF-HOST-SUCCESSOR-CONTROLLER-ACTIVE-COMPONENT-ID*
;           (IF (EQL #:H2 14)
;               LSIP::*SYNTHESIS-PLANNER-V2-ACTIVE-COMPONENT-ID*
;               (IF (EQL #:H2 22)
;                   LSIP::*SYNTHESIS-PROPOSAL-PROVIDER-ACTIVE-COMPONENT-ID*
;                   (IF #
;                       LSIP::*SYNTHESIS-SELF-HOST-CONSTRUCTOR-SERVICE-ACTIVE-COMPONENT-ID*
;                       #)))))
; 
; caught WARNING:
;   undefined variable: LSIP::*SYNTHESIS-SELF-HOST-PROGRAM-IDENTITY-ACTIVE-COMPONENT-ID*


; file: /home/user0/ORCHESTRATION/worktrees/goggles-vm-feedback-47fe6800/lisp/synthesis_authority_cutover_v1.lisp
; in: DEFUN LSIP:APPLY-SYNTHESIS-AUTHORITY-CUTOVER-COMPATIBILITY-V1
;     (EQUAL LSIP::*SYNTHESIS-SELF-HOST-PROGRAM-IDENTITY-ACTIVE-COMPONENT-ID*
;            LSIP::EXPECTED-CURRENT-REF)
; 
; caught WARNING:
;   undefined variable: LSIP::*SYNTHESIS-SELF-HOST-PROGRAM-IDENTITY-ACTIVE-COMPONENT-ID*

; in: DEFUN LSIP::SYNTHESIS-AUTHORITY-CUTOVER-CURRENT-REF-V1
;     (ECASE (GETF LSIP::COMMAND :MUTATION-SURFACE)
;       (:SELECTOR-HOOK
;        LSIP::*SYNTHESIS-CAPABILITY-SELECTION-V2-ACTIVE-COMPONENT-ID*)
;       (:RANKING-HOOK LSIP::*SYNTHESIS-CAPABILITY-RANKING-ACTIVE-COMPONENT-ID*)
;       (:EVALUATOR-HOOK LSIP::*SYNTHESIS-EVALUATOR-DISPATCH-ACTIVE-COMPONENT-ID*)
;       (:ADMISSION-HOOK LSIP::*SYNTHESIS-ADMISSION-ACTIVE-COMPONENT-ID*)
;       (:PLANNER-HOOK LSIP::*SYNTHESIS-PLANNER-V2-ACTIVE-COMPONENT-ID*)
;       (:PROPOSAL-PROVIDER-HOOK
;        LSIP::*SYNTHESIS-PROPOSAL-PROVIDER-ACTIVE-COMPONENT-ID*)
;       (:EXECUTION-HOOK LSIP::*SYNTHESIS-EXECUTION-V2-ACTIVE-COMPONENT-ID*)
;       (:ORCHESTRATOR-HOOK LSIP::*SYNTHESIS-ORCHESTRATOR-V2-ACTIVE-COMPONENT-ID*)
;       (:PROVIDER-RESOLUTION-HOOK
;        LSIP::*SYNTHESIS-PROVIDER-RESOLUTION-ACTIVE-COMPONENT-ID*)
;       (:CUTOVER-POLICY-HOOK
;        LSIP::*SYNTHESIS-AUTHORITY-CUTOVER-POLICY-ACTIVE-COMPONENT-ID*)
;       ...)
; --> BLOCK WHEN IF LET WHEN IF RETURN-FROM COND IF IF IF IF IF IF IF IF 
; ==>
;   (IF (EQL #:H2 29)
;       LSIP::*SYNTHESIS-SELF-HOST-PROGRAM-IDENTITY-ACTIVE-COMPONENT-ID*
;       (IF (EQL #:H2 32)
;           LSIP::*SYNTHESIS-SELF-HOST-CONSTRUCTOR-SERVICE-ACTIVE-COMPONENT-ID*
;           (IF (EQL #:H2 34)
;               LSIP::*SYNTHESIS-CAPABILITY-RANKING-ACTIVE-COMPONENT-ID*
;               (IF (EQL #:H2 36)
;                   LSIP::*SYNTHESIS-AUTHORITY-CUTOVER-POLICY-ACTIVE-COMPONENT-ID*
;                   (IF #
;                       LSIP::*SEMANTIC-CONSTRUCTOR-SYNTHESIZER-ACTIVE-COMPONENT-ID*
;                       #)))))
; 
; caught WARNING:
;   undefined variable: LSIP::*SYNTHESIS-SELF-HOST-PROGRAM-IDENTITY-ACTIVE-COMPONENT-ID*

; 
; caught WARNING:
;   1 more use of undefined variable LSIP::*SYNTHESIS-SELF-HOST-PROGRAM-IDENTITY-ACTIVE-COMPONENT-ID*


; file: /home/user0/ORCHESTRATION/worktrees/goggles-vm-feedback-47fe6800/lisp/synthesis_self_host_predecessor_lockout_v1.lisp
; in: DEFUN LSIP::LOCKOUT-SYNTHESIS-SELF-HOST-PREDECESSORS-SH20-V1
;     (SETF LSIP::*SYNTHESIS-AUTHORITY-CUTOVER-POLICY-REFERENCE-ENABLED-P* NIL
;           LSIP::*SYNTHESIS-SELF-HOST-PROGRAM-IDENTITY-REFERENCE-ENABLED-P* NIL
;           LSIP::*SYNTHESIS-SELF-HOST-CONSTRUCTOR-PRIMITIVE-REFERENCE-ENABLED-P*
;             NIL
;           LSIP::*SEMANTIC-CONSTRUCTOR-EXECUTOR-REFERENCE-ENABLED-P* NIL
;           LSIP::*SEMANTIC-CONSTRUCTOR-SYNTHESIZER-REFERENCE-ENABLED-P* NIL
;           LSIP::*SEMANTIC-CONSTRUCTOR-VALIDATOR-REFERENCE-ENABLED-P* NIL
;           ...)
; --> SETF 
; ==>
;   (SETQ LSIP::*SYNTHESIS-SELF-HOST-PROGRAM-IDENTITY-REFERENCE-ENABLED-P* NIL)
; 
; caught WARNING:
;   undefined variable: LSIP::*SYNTHESIS-SELF-HOST-PROGRAM-IDENTITY-REFERENCE-ENABLED-P*

; in: DEFUN LSIP::SYNTHESIS-SELF-HOST-PREDECESSOR-FLAGS-SH20-V1
;     (LIST LSIP::*SYNTHESIS-AUTHORITY-CUTOVER-POLICY-REFERENCE-ENABLED-P*
;           LSIP::*SYNTHESIS-SELF-HOST-PROGRAM-IDENTITY-REFERENCE-ENABLED-P*
;           LSIP::*SYNTHESIS-SELF-HOST-CONSTRUCTOR-PRIMITIVE-REFERENCE-ENABLED-P*
;           LSIP::*SEMANTIC-CONSTRUCTOR-EXECUTOR-REFERENCE-ENABLED-P*
;           LSIP::*SEMANTIC-CONSTRUCTOR-SYNTHESIZER-REFERENCE-ENABLED-P*
;           LSIP::*SEMANTIC-CONSTRUCTOR-VALIDATOR-REFERENCE-ENABLED-P*
;           LSIP::*SYNTHESIS-SELF-HOST-CONSTRUCTOR-SERVICE-REFERENCE-ENABLED-P*
;           LSIP::*SYNTHESIS-PLANNER-V2-REFERENCE-ENABLED-P*
;           LSIP::*SYNTHESIS-CAPABILITY-SELECTION-V2-REFERENCE-ENABLED-P*
;           LSIP::*SYNTHESIS-CAPABILITY-RANKING-REFERENCE-ENABLED-P*
;           LSIP::*SYNTHESIS-PROVIDER-RESOLUTION-REFERENCE-ENABLED-P* ...)
; 
; caught WARNING:
;   undefined variable: LSIP::*SYNTHESIS-SELF-HOST-PROGRAM-IDENTITY-REFERENCE-ENABLED-P*


; file: /home/user0/ORCHESTRATION/worktrees/goggles-vm-feedback-47fe6800/lisp/synthesis_self_host_runtime_closure_v1.lisp
; in: DEFUN LSIP::SYNTHESIS-SELF-HOST-RUNTIME-COMPONENT-ROWS-SH19-V1
;     (LIST :COMPONENT :PROGRAM-IDENTITY :ACTIVE-REF
;           LSIP::*SYNTHESIS-SELF-HOST-PROGRAM-IDENTITY-ACTIVE-COMPONENT-ID*
;           :PREDECESSOR-REF
;           LSIP::+SYNTHESIS-SELF-HOST-PROGRAM-IDENTITY-REFERENCE-ID-V1+
;           :PREDECESSOR-ENABLED-P
;           LSIP::*SYNTHESIS-SELF-HOST-PROGRAM-IDENTITY-REFERENCE-ENABLED-P*)
; 
; caught WARNING:
;   undefined variable: LSIP::*SYNTHESIS-SELF-HOST-PROGRAM-IDENTITY-REFERENCE-ENABLED-P*


; file: /home/user0/ORCHESTRATION/worktrees/goggles-vm-feedback-47fe6800/lisp/synthesis_runtime_hook_activation_v1.lisp
; in: DEFUN LSIP::SYNTHESIS-RUNTIME-HOOK-CURRENT-REF-V1
;     (ECASE LSIP::MUTATION-SURFACE
;       (:PROPOSAL-PROVIDER-HOOK
;        LSIP::*SYNTHESIS-PROPOSAL-PROVIDER-ACTIVE-COMPONENT-ID*)
;       (:PLANNER-HOOK LSIP::*SYNTHESIS-PLANNER-V2-ACTIVE-COMPONENT-ID*)
;       (:EXECUTION-HOOK LSIP::*SYNTHESIS-EXECUTION-V2-ACTIVE-COMPONENT-ID*)
;       (:ORCHESTRATOR-HOOK LSIP::*SYNTHESIS-ORCHESTRATOR-V2-ACTIVE-COMPONENT-ID*)
;       (:PROVIDER-RESOLUTION-HOOK
;        LSIP::*SYNTHESIS-PROVIDER-RESOLUTION-ACTIVE-COMPONENT-ID*)
;       (:CUTOVER-POLICY-HOOK
;        LSIP::*SYNTHESIS-AUTHORITY-CUTOVER-POLICY-ACTIVE-COMPONENT-ID*)
;       (:CONSTRUCTOR-PRIMITIVE-HOOK
;        LSIP::*SYNTHESIS-SELF-HOST-CONSTRUCTOR-PRIMITIVE-ACTIVE-COMPONENT-ID*)
;       (:CONSTRUCTOR-SERVICE-HOOK
;        LSIP::*SYNTHESIS-SELF-HOST-CONSTRUCTOR-SERVICE-ACTIVE-COMPONENT-ID*)
;       (:PROGRAM-IDENTITY-HOOK
;        LSIP::*SYNTHESIS-SELF-HOST-PROGRAM-IDENTITY-ACTIVE-COMPONENT-ID*)
;       (:CONSTRUCTOR-EXECUTOR-HOOK
;        LSIP::*SEMANTIC-CONSTRUCTOR-EXECUTOR-ACTIVE-COMPONENT-ID*)
;       ...)
; --> BLOCK WHEN IF LET WHEN IF RETURN-FROM COND IF IF IF IF 
; ==>
;   (IF (EQL #:H2 6)
;       LSIP::*SYNTHESIS-SELF-HOST-SUCCESSOR-CONTROLLER-ACTIVE-COMPONENT-ID*
;       (IF (EQL #:H2 14)
;           LSIP::*SYNTHESIS-PLANNER-V2-ACTIVE-COMPONENT-ID*
;           (IF (EQL #:H2 22)
;               LSIP::*SYNTHESIS-PROPOSAL-PROVIDER-ACTIVE-COMPONENT-ID*
;               (IF (EQL #:H2 24)
;                   LSIP::*SYNTHESIS-SELF-HOST-CONSTRUCTOR-SERVICE-ACTIVE-COMPONENT-ID*
;                   (IF #
;                       LSIP::*SYNTHESIS-ORCHESTRATOR-V2-ACTIVE-COMPONENT-ID*
;                       #)))))
; 
; caught WARNING:
;   undefined variable: LSIP::*SYNTHESIS-SELF-HOST-SUCCESSOR-CONTROLLER-ACTIVE-COMPONENT-ID*


; file: /home/user0/ORCHESTRATION/worktrees/goggles-vm-feedback-47fe6800/lisp/synthesis_authority_cutover_v1.lisp
; in: DEFUN LSIP:APPLY-SYNTHESIS-AUTHORITY-CUTOVER-COMPATIBILITY-V1
;     (EQUAL LSIP::*SYNTHESIS-SELF-HOST-SUCCESSOR-CONTROLLER-ACTIVE-COMPONENT-ID*
;            LSIP::EXPECTED-CURRENT-REF)
; 
; caught WARNING:
;   undefined variable: LSIP::*SYNTHESIS-SELF-HOST-SUCCESSOR-CONTROLLER-ACTIVE-COMPONENT-ID*

; in: DEFUN LSIP::SYNTHESIS-AUTHORITY-CUTOVER-CURRENT-REF-V1
;     (ECASE (GETF LSIP::COMMAND :MUTATION-SURFACE)
;       (:SELECTOR-HOOK
;        LSIP::*SYNTHESIS-CAPABILITY-SELECTION-V2-ACTIVE-COMPONENT-ID*)
;       (:RANKING-HOOK LSIP::*SYNTHESIS-CAPABILITY-RANKING-ACTIVE-COMPONENT-ID*)
;       (:EVALUATOR-HOOK LSIP::*SYNTHESIS-EVALUATOR-DISPATCH-ACTIVE-COMPONENT-ID*)
;       (:ADMISSION-HOOK LSIP::*SYNTHESIS-ADMISSION-ACTIVE-COMPONENT-ID*)
;       (:PLANNER-HOOK LSIP::*SYNTHESIS-PLANNER-V2-ACTIVE-COMPONENT-ID*)
;       (:PROPOSAL-PROVIDER-HOOK
;        LSIP::*SYNTHESIS-PROPOSAL-PROVIDER-ACTIVE-COMPONENT-ID*)
;       (:EXECUTION-HOOK LSIP::*SYNTHESIS-EXECUTION-V2-ACTIVE-COMPONENT-ID*)
;       (:ORCHESTRATOR-HOOK LSIP::*SYNTHESIS-ORCHESTRATOR-V2-ACTIVE-COMPONENT-ID*)
;       (:PROVIDER-RESOLUTION-HOOK
;        LSIP::*SYNTHESIS-PROVIDER-RESOLUTION-ACTIVE-COMPONENT-ID*)
;       (:CUTOVER-POLICY-HOOK
;        LSIP::*SYNTHESIS-AUTHORITY-CUTOVER-POLICY-ACTIVE-COMPONENT-ID*)
;       ...)
; --> BLOCK WHEN IF LET WHEN IF RETURN-FROM COND 
; ==>
;   (IF (EQL #:H2 4)
;       LSIP::*SYNTHESIS-SELF-HOST-SUCCESSOR-CONTROLLER-ACTIVE-COMPONENT-ID*
;       (IF (EQL #:H2 5)
;           LSIP::*SYNTHESIS-PROPOSAL-PROVIDER-ACTIVE-COMPONENT-ID*
;           (IF (EQL #:H2 11)
;               LSIP::*SYNTHESIS-ORCHESTRATOR-V2-ACTIVE-COMPONENT-ID*
;               (IF (EQL #:H2 13)
;                   LSIP::*SYNTHESIS-CAPABILITY-SELECTION-V2-ACTIVE-COMPONENT-ID*
;                   (IF #
;                       LSIP::*SYNTHESIS-ADMISSION-ACTIVE-COMPONENT-ID*
;                       #)))))
; 
; caught WARNING:
;   undefined variable: LSIP::*SYNTHESIS-SELF-HOST-SUCCESSOR-CONTROLLER-ACTIVE-COMPONENT-ID*

; 
; caught WARNING:
;   2 more uses of undefined variable LSIP::*SYNTHESIS-SELF-HOST-SUCCESSOR-CONTROLLER-ACTIVE-COMPONENT-ID*


; file: /home/user0/ORCHESTRATION/worktrees/goggles-vm-feedback-47fe6800/lisp/synthesis_self_host_predecessor_lockout_v1.lisp
; in: DEFUN LSIP::LOCKOUT-SYNTHESIS-SELF-HOST-PREDECESSORS-SH20-V1
;     (SETF LSIP::*SYNTHESIS-AUTHORITY-CUTOVER-POLICY-REFERENCE-ENABLED-P* NIL
;           LSIP::*SYNTHESIS-SELF-HOST-PROGRAM-IDENTITY-REFERENCE-ENABLED-P* NIL
;           LSIP::*SYNTHESIS-SELF-HOST-CONSTRUCTOR-PRIMITIVE-REFERENCE-ENABLED-P*
;             NIL
;           LSIP::*SEMANTIC-CONSTRUCTOR-EXECUTOR-REFERENCE-ENABLED-P* NIL
;           LSIP::*SEMANTIC-CONSTRUCTOR-SYNTHESIZER-REFERENCE-ENABLED-P* NIL
;           LSIP::*SEMANTIC-CONSTRUCTOR-VALIDATOR-REFERENCE-ENABLED-P* NIL
;           ...)
; --> SETF 
; ==>
;   (SETQ LSIP::*SYNTHESIS-SELF-HOST-SUCCESSOR-CONTROLLER-REFERENCE-ENABLED-P*
;           NIL)
; 
; caught WARNING:
;   undefined variable: LSIP::*SYNTHESIS-SELF-HOST-SUCCESSOR-CONTROLLER-REFERENCE-ENABLED-P*

; in: DEFUN LSIP::SYNTHESIS-SELF-HOST-PREDECESSOR-FLAGS-SH20-V1
;     (LIST LSIP::*SYNTHESIS-AUTHORITY-CUTOVER-POLICY-REFERENCE-ENABLED-P*
;           LSIP::*SYNTHESIS-SELF-HOST-PROGRAM-IDENTITY-REFERENCE-ENABLED-P*
;           LSIP::*SYNTHESIS-SELF-HOST-CONSTRUCTOR-PRIMITIVE-REFERENCE-ENABLED-P*
;           LSIP::*SEMANTIC-CONSTRUCTOR-EXECUTOR-REFERENCE-ENABLED-P*
;           LSIP::*SEMANTIC-CONSTRUCTOR-SYNTHESIZER-REFERENCE-ENABLED-P*
;           LSIP::*SEMANTIC-CONSTRUCTOR-VALIDATOR-REFERENCE-ENABLED-P*
;           LSIP::*SYNTHESIS-SELF-HOST-CONSTRUCTOR-SERVICE-REFERENCE-ENABLED-P*
;           LSIP::*SYNTHESIS-PLANNER-V2-REFERENCE-ENABLED-P*
;           LSIP::*SYNTHESIS-CAPABILITY-SELECTION-V2-REFERENCE-ENABLED-P*
;           LSIP::*SYNTHESIS-CAPABILITY-RANKING-REFERENCE-ENABLED-P*
;           LSIP::*SYNTHESIS-PROVIDER-RESOLUTION-REFERENCE-ENABLED-P* ...)
; 
; caught WARNING:
;   undefined variable: LSIP::*SYNTHESIS-SELF-HOST-SUCCESSOR-CONTROLLER-REFERENCE-ENABLED-P*


; file: /home/user0/ORCHESTRATION/worktrees/goggles-vm-feedback-47fe6800/lisp/synthesis_self_host_runtime_closure_v1.lisp
; in: DEFUN LSIP::SYNTHESIS-SELF-HOST-RUNTIME-COMPONENT-ROWS-SH19-V1
;     (LIST :COMPONENT :SUCCESSOR-CONTROLLER :ACTIVE-REF
;           LSIP::*SYNTHESIS-SELF-HOST-SUCCESSOR-CONTROLLER-ACTIVE-COMPONENT-ID*
;           :PREDECESSOR-REF
;           LSIP::+SYNTHESIS-SELF-HOST-SUCCESSOR-CONTROLLER-REFERENCE-ID-V1+
;           :PREDECESSOR-ENABLED-P
;           LSIP::*SYNTHESIS-SELF-HOST-SUCCESSOR-CONTROLLER-REFERENCE-ENABLED-P*)
; 
; caught WARNING:
;   undefined variable: LSIP::*SYNTHESIS-SELF-HOST-SUCCESSOR-CONTROLLER-REFERENCE-ENABLED-P*

; 
; caught WARNING:
;   8 more uses of undefined variable LSIP::*SYNTHESIS-SELF-HOST-SUCCESSOR-CONTROLLER-REFERENCE-ENABLED-P*


; file: /home/user0/ORCHESTRATION/worktrees/goggles-vm-feedback-47fe6800/lisp/synthesis_self_host_runtime_closure_v1.lisp
; in: DEFUN LSIP::SYNTHESIS-SELF-HOST-RUNTIME-COMPONENT-ROWS-SH19-V1
;     (LIST :COMPONENT :CONSTRUCTOR-EXECUTOR :ACTIVE-REF
;           LSIP::*SEMANTIC-CONSTRUCTOR-EXECUTOR-ACTIVE-COMPONENT-ID*
;           :PREDECESSOR-REF LSIP::+SEMANTIC-CONSTRUCTOR-EXECUTOR-REFERENCE-ID-V1+
;           :PREDECESSOR-ENABLED-P
;           LSIP::*SEMANTIC-CONSTRUCTOR-EXECUTOR-REFERENCE-ENABLED-P*)
; 
; caught WARNING:
;   undefined variable: LSIP::+SEMANTIC-CONSTRUCTOR-EXECUTOR-REFERENCE-ID-V1+


; file: /home/user0/ORCHESTRATION/worktrees/goggles-vm-feedback-47fe6800/lisp/synthesis_reconstruction_grant_v1.lisp
; in: DEFUN LSIP::VALIDATE-SYNTHESIS-RECONSTRUCTION-GRANT-SHAPE-V1
;     (EQUAL (GETF LSIP::GRANT :TARGET-ID)
;            LSIP::+SEMANTIC-CONSTRUCTOR-EXECUTOR-TARGET-ID-V1+)
; 
; caught WARNING:
;   undefined variable: LSIP::+SEMANTIC-CONSTRUCTOR-EXECUTOR-TARGET-ID-V1+

; in: DEFUN LSIP::VALIDATE-SYNTHESIS-RECONSTRUCTION-INTENT-SHAPE-V1
;     (EQUAL (GETF LSIP::INTENT :TARGET-ID)
;            LSIP::+SEMANTIC-CONSTRUCTOR-EXECUTOR-TARGET-ID-V1+)
; 
; caught WARNING:
;   undefined variable: LSIP::+SEMANTIC-CONSTRUCTOR-EXECUTOR-TARGET-ID-V1+


; file: /home/user0/ORCHESTRATION/worktrees/goggles-vm-feedback-47fe6800/lisp/synthesis_self_host_runtime_closure_v1.lisp
; in: DEFUN LSIP::SYNTHESIS-SELF-HOST-RUNTIME-COMPONENT-ROWS-SH19-V1
;     (LIST :COMPONENT :CONSTRUCTOR-SYNTHESIZER :ACTIVE-REF
;           LSIP::*SEMANTIC-CONSTRUCTOR-SYNTHESIZER-ACTIVE-COMPONENT-ID*
;           :PREDECESSOR-REF
;           LSIP::+SEMANTIC-CONSTRUCTOR-SYNTHESIZER-REFERENCE-ID-V1+
;           :PREDECESSOR-ENABLED-P
;           LSIP::*SEMANTIC-CONSTRUCTOR-SYNTHESIZER-REFERENCE-ENABLED-P*)
; 
; caught WARNING:
;   undefined variable: LSIP::+SEMANTIC-CONSTRUCTOR-SYNTHESIZER-REFERENCE-ID-V1+


; file: /home/user0/ORCHESTRATION/worktrees/goggles-vm-feedback-47fe6800/lisp/synthesis_reconstruction_grant_v1.lisp
; in: DEFUN LSIP::VALIDATE-SYNTHESIS-RECONSTRUCTION-GRANT-SHAPE-V1
;     (EQUAL (GETF LSIP::GRANT :TARGET-ID)
;            LSIP::+SEMANTIC-CONSTRUCTOR-SYNTHESIZER-TARGET-ID-V1+)
; 
; caught WARNING:
;   undefined variable: LSIP::+SEMANTIC-CONSTRUCTOR-SYNTHESIZER-TARGET-ID-V1+

; in: DEFUN LSIP::VALIDATE-SYNTHESIS-RECONSTRUCTION-INTENT-SHAPE-V1
;     (EQUAL (GETF LSIP::INTENT :TARGET-ID)
;            LSIP::+SEMANTIC-CONSTRUCTOR-SYNTHESIZER-TARGET-ID-V1+)
; 
; caught WARNING:
;   undefined variable: LSIP::+SEMANTIC-CONSTRUCTOR-SYNTHESIZER-TARGET-ID-V1+


; file: /home/user0/ORCHESTRATION/worktrees/goggles-vm-feedback-47fe6800/lisp/synthesis_self_host_runtime_closure_v1.lisp
; in: DEFUN LSIP::SYNTHESIS-SELF-HOST-RUNTIME-COMPONENT-ROWS-SH19-V1
;     (LIST :COMPONENT :CONSTRUCTOR-VALIDATOR :ACTIVE-REF
;           LSIP::*SEMANTIC-CONSTRUCTOR-VALIDATOR-ACTIVE-COMPONENT-ID*
;           :PREDECESSOR-REF LSIP::+SEMANTIC-CONSTRUCTOR-VALIDATOR-REFERENCE-ID-V1+
;           :PREDECESSOR-ENABLED-P
;           LSIP::*SEMANTIC-CONSTRUCTOR-VALIDATOR-REFERENCE-ENABLED-P*)
; 
; caught WARNING:
;   undefined variable: LSIP::+SEMANTIC-CONSTRUCTOR-VALIDATOR-REFERENCE-ID-V1+


; file: /home/user0/ORCHESTRATION/worktrees/goggles-vm-feedback-47fe6800/lisp/synthesis_reconstruction_grant_v1.lisp
; in: DEFUN LSIP::VALIDATE-SYNTHESIS-RECONSTRUCTION-GRANT-SHAPE-V1
;     (EQUAL (GETF LSIP::GRANT :TARGET-ID)
;            LSIP::+SEMANTIC-CONSTRUCTOR-VALIDATOR-TARGET-ID-V1+)
; 
; caught WARNING:
;   undefined variable: LSIP::+SEMANTIC-CONSTRUCTOR-VALIDATOR-TARGET-ID-V1+

; in: DEFUN LSIP::VALIDATE-SYNTHESIS-RECONSTRUCTION-INTENT-SHAPE-V1
;     (EQUAL (GETF LSIP::INTENT :TARGET-ID)
;            LSIP::+SEMANTIC-CONSTRUCTOR-VALIDATOR-TARGET-ID-V1+)
; 
; caught WARNING:
;   undefined variable: LSIP::+SEMANTIC-CONSTRUCTOR-VALIDATOR-TARGET-ID-V1+

; in: DEFUN LSIP::VALIDATE-SYNTHESIS-RECONSTRUCTION-GRANT-SHAPE-V1
;     (EQUAL (GETF LSIP::GRANT :TARGET-ID)
;            LSIP:+SYNTHESIS-ADMISSION-SH13-TARGET-ID-V1+)
; 
; caught WARNING:
;   undefined variable: LSIP:+SYNTHESIS-ADMISSION-SH13-TARGET-ID-V1+

; in: DEFUN LSIP::VALIDATE-SYNTHESIS-RECONSTRUCTION-INTENT-SHAPE-V1
;     (EQUAL (GETF LSIP::INTENT :TARGET-ID)
;            LSIP:+SYNTHESIS-ADMISSION-SH13-TARGET-ID-V1+)
; 
; caught WARNING:
;   undefined variable: LSIP:+SYNTHESIS-ADMISSION-SH13-TARGET-ID-V1+

; in: DEFUN LSIP::VALIDATE-SYNTHESIS-RECONSTRUCTION-GRANT-SHAPE-V1
;     (EQUAL (GETF LSIP::GRANT :TARGET-ID)
;            LSIP::+SYNTHESIS-AUTHORITY-CUTOVER-POLICY-TARGET-ID-V1+)
; 
; caught WARNING:
;   undefined variable: LSIP::+SYNTHESIS-AUTHORITY-CUTOVER-POLICY-TARGET-ID-V1+

; in: DEFUN LSIP::VALIDATE-SYNTHESIS-RECONSTRUCTION-INTENT-SHAPE-V1
;     (EQUAL (GETF LSIP::INTENT :TARGET-ID)
;            LSIP::+SYNTHESIS-AUTHORITY-CUTOVER-POLICY-TARGET-ID-V1+)
; 
; caught WARNING:
;   undefined variable: LSIP::+SYNTHESIS-AUTHORITY-CUTOVER-POLICY-TARGET-ID-V1+

; in: DEFUN LSIP::VALIDATE-SYNTHESIS-RECONSTRUCTION-GRANT-SHAPE-V1
;     (EQUAL (GETF LSIP::GRANT :TARGET-ID)
;            LSIP:+SYNTHESIS-CAPABILITY-RANKING-SH11-TARGET-ID-V1+)
; 
; caught WARNING:
;   undefined variable: LSIP:+SYNTHESIS-CAPABILITY-RANKING-SH11-TARGET-ID-V1+

; in: DEFUN LSIP::VALIDATE-SYNTHESIS-RECONSTRUCTION-INTENT-SHAPE-V1
;     (EQUAL (GETF LSIP::INTENT :TARGET-ID)
;            LSIP:+SYNTHESIS-CAPABILITY-RANKING-SH11-TARGET-ID-V1+)
; 
; caught WARNING:
;   undefined variable: LSIP:+SYNTHESIS-CAPABILITY-RANKING-SH11-TARGET-ID-V1+

; in: DEFUN LSIP::VALIDATE-SYNTHESIS-RECONSTRUCTION-GRANT-SHAPE-V1
;     (EQUAL (GETF LSIP::GRANT :TARGET-ID)
;            LSIP:+SYNTHESIS-CAPABILITY-SELECTOR-SH5-TARGET-ID-V1+)
; 
; caught WARNING:
;   undefined variable: LSIP:+SYNTHESIS-CAPABILITY-SELECTOR-SH5-TARGET-ID-V1+

; in: DEFUN LSIP::VALIDATE-SYNTHESIS-RECONSTRUCTION-INTENT-SHAPE-V1
;     (EQUAL (GETF LSIP::INTENT :TARGET-ID)
;            LSIP:+SYNTHESIS-CAPABILITY-SELECTOR-SH5-TARGET-ID-V1+)
; 
; caught WARNING:
;   undefined variable: LSIP:+SYNTHESIS-CAPABILITY-SELECTOR-SH5-TARGET-ID-V1+

; in: DEFUN LSIP::VALIDATE-SYNTHESIS-RECONSTRUCTION-GRANT-SHAPE-V1
;     (EQUAL (GETF LSIP::GRANT :TARGET-ID)
;            LSIP:+SYNTHESIS-EVALUATOR-DISPATCH-SH12-TARGET-ID-V1+)
; 
; caught WARNING:
;   undefined variable: LSIP:+SYNTHESIS-EVALUATOR-DISPATCH-SH12-TARGET-ID-V1+

; in: DEFUN LSIP::VALIDATE-SYNTHESIS-RECONSTRUCTION-INTENT-SHAPE-V1
;     (EQUAL (GETF LSIP::INTENT :TARGET-ID)
;            LSIP:+SYNTHESIS-EVALUATOR-DISPATCH-SH12-TARGET-ID-V1+)
; 
; caught WARNING:
;   undefined variable: LSIP:+SYNTHESIS-EVALUATOR-DISPATCH-SH12-TARGET-ID-V1+

; in: DEFUN LSIP::VALIDATE-SYNTHESIS-RECONSTRUCTION-GRANT-SHAPE-V1
;     (EQUAL (GETF LSIP::GRANT :TARGET-ID)
;            LSIP::+SYNTHESIS-EXECUTION-SH16-TARGET-ID-V1+)
; 
; caught WARNING:
;   undefined variable: LSIP::+SYNTHESIS-EXECUTION-SH16-TARGET-ID-V1+

; in: DEFUN LSIP::VALIDATE-SYNTHESIS-RECONSTRUCTION-INTENT-SHAPE-V1
;     (EQUAL (GETF LSIP::INTENT :TARGET-ID)
;            LSIP::+SYNTHESIS-EXECUTION-SH16-TARGET-ID-V1+)
; 
; caught WARNING:
;   undefined variable: LSIP::+SYNTHESIS-EXECUTION-SH16-TARGET-ID-V1+

; in: DEFUN LSIP::VALIDATE-SYNTHESIS-RECONSTRUCTION-GRANT-SHAPE-V1
;     (EQUAL (GETF LSIP::GRANT :TARGET-ID)
;            LSIP::+SYNTHESIS-ORCHESTRATOR-SH17-TARGET-ID-V1+)
; 
; caught WARNING:
;   undefined variable: LSIP::+SYNTHESIS-ORCHESTRATOR-SH17-TARGET-ID-V1+

; in: DEFUN LSIP::VALIDATE-SYNTHESIS-RECONSTRUCTION-INTENT-SHAPE-V1
;     (EQUAL (GETF LSIP::INTENT :TARGET-ID)
;            LSIP::+SYNTHESIS-ORCHESTRATOR-SH17-TARGET-ID-V1+)
; 
; caught WARNING:
;   undefined variable: LSIP::+SYNTHESIS-ORCHESTRATOR-SH17-TARGET-ID-V1+

; in: DEFUN LSIP::VALIDATE-SYNTHESIS-RECONSTRUCTION-GRANT-SHAPE-V1
;     (EQUAL (GETF LSIP::GRANT :TARGET-ID)
;            LSIP::+SYNTHESIS-PLANNER-SH15-TARGET-ID-V1+)
; 
; caught WARNING:
;   undefined variable: LSIP::+SYNTHESIS-PLANNER-SH15-TARGET-ID-V1+

; in: DEFUN LSIP::VALIDATE-SYNTHESIS-RECONSTRUCTION-INTENT-SHAPE-V1
;     (EQUAL (GETF LSIP::INTENT :TARGET-ID)
;            LSIP::+SYNTHESIS-PLANNER-SH15-TARGET-ID-V1+)
; 
; caught WARNING:
;   undefined variable: LSIP::+SYNTHESIS-PLANNER-SH15-TARGET-ID-V1+

; in: DEFUN LSIP::VALIDATE-SYNTHESIS-RECONSTRUCTION-GRANT-SHAPE-V1
;     (EQUAL (GETF LSIP::GRANT :TARGET-ID)
;            LSIP::+SYNTHESIS-PROPOSAL-PROVIDER-SH14-TARGET-ID-V1+)
; 
; caught WARNING:
;   undefined variable: LSIP::+SYNTHESIS-PROPOSAL-PROVIDER-SH14-TARGET-ID-V1+

; in: DEFUN LSIP::VALIDATE-SYNTHESIS-RECONSTRUCTION-INTENT-SHAPE-V1
;     (EQUAL (GETF LSIP::INTENT :TARGET-ID)
;            LSIP::+SYNTHESIS-PROPOSAL-PROVIDER-SH14-TARGET-ID-V1+)
; 
; caught WARNING:
;   undefined variable: LSIP::+SYNTHESIS-PROPOSAL-PROVIDER-SH14-TARGET-ID-V1+

; in: DEFUN LSIP::VALIDATE-SYNTHESIS-RECONSTRUCTION-GRANT-SHAPE-V1
;     (EQUAL (GETF LSIP::GRANT :TARGET-ID)
;            LSIP::+SYNTHESIS-PROVIDER-RESOLUTION-SH18-TARGET-ID-V1+)
; 
; caught WARNING:
;   undefined variable: LSIP::+SYNTHESIS-PROVIDER-RESOLUTION-SH18-TARGET-ID-V1+

; in: DEFUN LSIP::VALIDATE-SYNTHESIS-RECONSTRUCTION-INTENT-SHAPE-V1
;     (EQUAL (GETF LSIP::INTENT :TARGET-ID)
;            LSIP::+SYNTHESIS-PROVIDER-RESOLUTION-SH18-TARGET-ID-V1+)
; 
; caught WARNING:
;   undefined variable: LSIP::+SYNTHESIS-PROVIDER-RESOLUTION-SH18-TARGET-ID-V1+


; file: /home/user0/ORCHESTRATION/worktrees/goggles-vm-feedback-47fe6800/lisp/synthesis_self_host_semantic_frontend_v1.lisp
; in:
;      DEFUN LSIP:SYNTHESIS-SELF-HOST-COMPONENT-BLUEPRINT-THROUGH-SEMANTIC-FRONT-V1
;     (LIST :SCHEMA :SYNTHESIS-SELF-HOST-COMPONENT-BLUEPRINT-SH35-V1 :VERSION
;           LSIP::+SYNTHESIS-SELF-HOST-COMPONENT-CONSTRUCTOR-SH35-VERSION-V1+
;           :COMPONENT LSIP::COMPONENT :SOURCE-REF
;           (GETF LSIP::COMPAT-SOURCE :SOURCE-REF) :SOURCE LSIP::COMPAT-SOURCE
;           :PROGRAM-REF ...)
; 
; caught WARNING:
;   undefined variable: LSIP::+SYNTHESIS-SELF-HOST-COMPONENT-CONSTRUCTOR-SH35-VERSION-V1+

; in: DEFUN LSIP::SYNTHESIS-SELF-HOST-SEMANTIC-COMPAT-SOURCE-V1
;     (LIST :SCHEMA :SYNTHESIS-SELF-HOST-COMPONENT-SOURCE-SH35-V1 :VERSION
;           LSIP::+SYNTHESIS-SELF-HOST-COMPONENT-CONSTRUCTOR-SH35-VERSION-V1+
;           :COMPONENT LSIP::COMPONENT :FIELD-ORDER (COPY-LIST LSIP::KEYS)
;           :PROGRAM-FIELDS LSIP::FIELDS :EXECUTABLE-SOURCE ...)
; 
; caught WARNING:
;   undefined variable: LSIP::+SYNTHESIS-SELF-HOST-COMPONENT-CONSTRUCTOR-SH35-VERSION-V1+


; file: /home/user0/ORCHESTRATION/worktrees/goggles-vm-feedback-47fe6800/lisp/synthesis_self_host_runtime_closure_v1.lisp
; in: DEFUN LSIP::SYNTHESIS-SELF-HOST-RUNTIME-COMPONENT-ROWS-SH19-V1
;     (LIST :COMPONENT :CONSTRUCTOR-PRIMITIVE :ACTIVE-REF
;           LSIP::*SYNTHESIS-SELF-HOST-CONSTRUCTOR-PRIMITIVE-ACTIVE-COMPONENT-ID*
;           :PREDECESSOR-REF
;           LSIP::+SYNTHESIS-SELF-HOST-CONSTRUCTOR-PRIMITIVE-REFERENCE-ID-V1+
;           :PREDECESSOR-ENABLED-P
;           LSIP::*SYNTHESIS-SELF-HOST-CONSTRUCTOR-PRIMITIVE-REFERENCE-ENABLED-P*)
; 
; caught WARNING:
;   undefined variable: LSIP::+SYNTHESIS-SELF-HOST-CONSTRUCTOR-PRIMITIVE-REFERENCE-ID-V1+


; file: /home/user0/ORCHESTRATION/worktrees/goggles-vm-feedback-47fe6800/lisp/synthesis_reconstruction_grant_v1.lisp
; in: DEFUN LSIP::VALIDATE-SYNTHESIS-RECONSTRUCTION-GRANT-SHAPE-V1
;     (EQUAL (GETF LSIP::GRANT :TARGET-ID)
;            LSIP::+SYNTHESIS-SELF-HOST-CONSTRUCTOR-PRIMITIVE-TARGET-ID-V1+)
; 
; caught WARNING:
;   undefined variable: LSIP::+SYNTHESIS-SELF-HOST-CONSTRUCTOR-PRIMITIVE-TARGET-ID-V1+

; in: DEFUN LSIP::VALIDATE-SYNTHESIS-RECONSTRUCTION-INTENT-SHAPE-V1
;     (EQUAL (GETF LSIP::INTENT :TARGET-ID)
;            LSIP::+SYNTHESIS-SELF-HOST-CONSTRUCTOR-PRIMITIVE-TARGET-ID-V1+)
; 
; caught WARNING:
;   undefined variable: LSIP::+SYNTHESIS-SELF-HOST-CONSTRUCTOR-PRIMITIVE-TARGET-ID-V1+


; file: /home/user0/ORCHESTRATION/worktrees/goggles-vm-feedback-47fe6800/lisp/synthesis_self_host_runtime_closure_v1.lisp
; in: DEFUN LSIP::SYNTHESIS-SELF-HOST-RUNTIME-COMPONENT-ROWS-SH19-V1
;     (LIST :COMPONENT :CONSTRUCTOR-SERVICE :ACTIVE-REF
;           LSIP::*SYNTHESIS-SELF-HOST-CONSTRUCTOR-SERVICE-ACTIVE-COMPONENT-ID*
;           :PREDECESSOR-REF
;           LSIP::+SYNTHESIS-SELF-HOST-CONSTRUCTOR-SERVICE-REFERENCE-ID-V1+
;           :PREDECESSOR-ENABLED-P
;           LSIP::*SYNTHESIS-SELF-HOST-CONSTRUCTOR-SERVICE-REFERENCE-ENABLED-P*)
; 
; caught WARNING:
;   undefined variable: LSIP::+SYNTHESIS-SELF-HOST-CONSTRUCTOR-SERVICE-REFERENCE-ID-V1+


; file: /home/user0/ORCHESTRATION/worktrees/goggles-vm-feedback-47fe6800/lisp/synthesis_reconstruction_grant_v1.lisp
; in: DEFUN LSIP::VALIDATE-SYNTHESIS-RECONSTRUCTION-GRANT-SHAPE-V1
;     (EQUAL (GETF LSIP::GRANT :TARGET-ID)
;            LSIP::+SYNTHESIS-SELF-HOST-CONSTRUCTOR-SERVICE-TARGET-ID-V1+)
; 
; caught WARNING:
;   undefined variable: LSIP::+SYNTHESIS-SELF-HOST-CONSTRUCTOR-SERVICE-TARGET-ID-V1+

; in: DEFUN LSIP::VALIDATE-SYNTHESIS-RECONSTRUCTION-INTENT-SHAPE-V1
;     (EQUAL (GETF LSIP::INTENT :TARGET-ID)
;            LSIP::+SYNTHESIS-SELF-HOST-CONSTRUCTOR-SERVICE-TARGET-ID-V1+)
; 
; caught WARNING:
;   undefined variable: LSIP::+SYNTHESIS-SELF-HOST-CONSTRUCTOR-SERVICE-TARGET-ID-V1+


; file: /home/user0/ORCHESTRATION/worktrees/goggles-vm-feedback-47fe6800/lisp/synthesis_self_host_runtime_closure_v1.lisp
; in: DEFUN LSIP::SYNTHESIS-SELF-HOST-RUNTIME-COMPONENT-ROWS-SH19-V1
;     (LIST :COMPONENT :PROGRAM-IDENTITY :ACTIVE-REF
;           LSIP::*SYNTHESIS-SELF-HOST-PROGRAM-IDENTITY-ACTIVE-COMPONENT-ID*
;           :PREDECESSOR-REF
;           LSIP::+SYNTHESIS-SELF-HOST-PROGRAM-IDENTITY-REFERENCE-ID-V1+
;           :PREDECESSOR-ENABLED-P
;           LSIP::*SYNTHESIS-SELF-HOST-PROGRAM-IDENTITY-REFERENCE-ENABLED-P*)
; 
; caught WARNING:
;   undefined variable: LSIP::+SYNTHESIS-SELF-HOST-PROGRAM-IDENTITY-REFERENCE-ID-V1+


; file: /home/user0/ORCHESTRATION/worktrees/goggles-vm-feedback-47fe6800/lisp/synthesis_reconstruction_grant_v1.lisp
; in: DEFUN LSIP::VALIDATE-SYNTHESIS-RECONSTRUCTION-GRANT-SHAPE-V1
;     (EQUAL (GETF LSIP::GRANT :TARGET-ID)
;            LSIP::+SYNTHESIS-SELF-HOST-PROGRAM-IDENTITY-TARGET-ID-V1+)
; 
; caught WARNING:
;   undefined variable: LSIP::+SYNTHESIS-SELF-HOST-PROGRAM-IDENTITY-TARGET-ID-V1+

; in: DEFUN LSIP::VALIDATE-SYNTHESIS-RECONSTRUCTION-INTENT-SHAPE-V1
;     (EQUAL (GETF LSIP::INTENT :TARGET-ID)
;            LSIP::+SYNTHESIS-SELF-HOST-PROGRAM-IDENTITY-TARGET-ID-V1+)
; 
; caught WARNING:
;   undefined variable: LSIP::+SYNTHESIS-SELF-HOST-PROGRAM-IDENTITY-TARGET-ID-V1+


; file: /home/user0/ORCHESTRATION/worktrees/goggles-vm-feedback-47fe6800/lisp/synthesis_self_host_successor_controller_self_host_v1.lisp
; in:
;      DEFUN LSIP::VALIDATE-SYNTHESIS-SELF-HOST-SUCCESSOR-CONTROLLER-SH42-DESCRIPTION-V1
;     (EQUAL (GETF LSIP::DESCRIPTION :PREDECESSOR-REF)
;            LSIP::+SYNTHESIS-SELF-HOST-SUCCESSOR-CONTROLLER-REFERENCE-ID-V1+)
; 
; caught WARNING:
;   undefined variable: LSIP::+SYNTHESIS-SELF-HOST-SUCCESSOR-CONTROLLER-REFERENCE-ID-V1+

; in:
;      DEFUN LSIP::SYNTHESIS-SELF-HOST-SUCCESSOR-CONTROLLER-SH42-DESCRIPTION-V1
;     (LIST :SCHEMA :SYNTHESIS-SELF-HOST-SUCCESSOR-CONTROLLER-DESCRIPTION-V1
;           :VERSION 1 :COMPONENT-ID
;           LSIP::+SYNTHESIS-SELF-HOST-SUCCESSOR-CONTROLLER-TARGET-ID-V1+
;           :COMPONENT-KIND :SELF-HOST-SUCCESSOR-CONTROLLER :PREDECESSOR-REF
;           LSIP::+SYNTHESIS-SELF-HOST-SUCCESSOR-CONTROLLER-REFERENCE-ID-V1+
;           :INPUT-KIND ...)
; 
; caught WARNING:
;   undefined variable: LSIP::+SYNTHESIS-SELF-HOST-SUCCESSOR-CONTROLLER-REFERENCE-ID-V1+


; file: /home/user0/ORCHESTRATION/worktrees/goggles-vm-feedback-47fe6800/lisp/synthesis_self_host_runtime_closure_v1.lisp
; in: DEFUN LSIP::SYNTHESIS-SELF-HOST-RUNTIME-COMPONENT-ROWS-SH19-V1
;     (LIST :COMPONENT :SUCCESSOR-CONTROLLER :ACTIVE-REF
;           LSIP::*SYNTHESIS-SELF-HOST-SUCCESSOR-CONTROLLER-ACTIVE-COMPONENT-ID*
;           :PREDECESSOR-REF
;           LSIP::+SYNTHESIS-SELF-HOST-SUCCESSOR-CONTROLLER-REFERENCE-ID-V1+
;           :PREDECESSOR-ENABLED-P
;           LSIP::*SYNTHESIS-SELF-HOST-SUCCESSOR-CONTROLLER-REFERENCE-ENABLED-P*)
; 
; caught WARNING:
;   undefined variable: LSIP::+SYNTHESIS-SELF-HOST-SUCCESSOR-CONTROLLER-REFERENCE-ID-V1+

; 
; caught WARNING:
;   4 more uses of undefined variable LSIP::+SYNTHESIS-SELF-HOST-SUCCESSOR-CONTROLLER-REFERENCE-ID-V1+


; file: /home/user0/ORCHESTRATION/worktrees/goggles-vm-feedback-47fe6800/lisp/synthesis_self_host_successor_controller_self_host_v1.lisp
; in:
;      DEFUN LSIP::SYNTHESIS-SELF-HOST-SUCCESSOR-CONTROLLER-SH42-DESCRIPTION-V1
;     (LIST :SCHEMA :SYNTHESIS-SELF-HOST-SUCCESSOR-CONTROLLER-DESCRIPTION-V1
;           :VERSION 1 :COMPONENT-ID
;           LSIP::+SYNTHESIS-SELF-HOST-SUCCESSOR-CONTROLLER-TARGET-ID-V1+
;           :COMPONENT-KIND :SELF-HOST-SUCCESSOR-CONTROLLER :PREDECESSOR-REF
;           LSIP::+SYNTHESIS-SELF-HOST-SUCCESSOR-CONTROLLER-REFERENCE-ID-V1+
;           :INPUT-KIND ...)
; 
; caught WARNING:
;   undefined variable: LSIP::+SYNTHESIS-SELF-HOST-SUCCESSOR-CONTROLLER-TARGET-ID-V1+


; file: /home/user0/ORCHESTRATION/worktrees/goggles-vm-feedback-47fe6800/lisp/synthesis_reconstruction_grant_v1.lisp
; in: DEFUN LSIP::VALIDATE-SYNTHESIS-RECONSTRUCTION-GRANT-SHAPE-V1
;     (EQUAL (GETF LSIP::GRANT :TARGET-ID)
;            LSIP::+SYNTHESIS-SELF-HOST-SUCCESSOR-CONTROLLER-TARGET-ID-V1+)
; 
; caught WARNING:
;   undefined variable: LSIP::+SYNTHESIS-SELF-HOST-SUCCESSOR-CONTROLLER-TARGET-ID-V1+

; in: DEFUN LSIP::VALIDATE-SYNTHESIS-RECONSTRUCTION-INTENT-SHAPE-V1
;     (EQUAL (GETF LSIP::INTENT :TARGET-ID)
;            LSIP::+SYNTHESIS-SELF-HOST-SUCCESSOR-CONTROLLER-TARGET-ID-V1+)
; 
; caught WARNING:
;   undefined variable: LSIP::+SYNTHESIS-SELF-HOST-SUCCESSOR-CONTROLLER-TARGET-ID-V1+

; 
; caught WARNING:
;   5 more uses of undefined variable LSIP::+SYNTHESIS-SELF-HOST-SUCCESSOR-CONTROLLER-TARGET-ID-V1+


; file: /home/user0/ORCHESTRATION/worktrees/goggles-vm-feedback-47fe6800/lisp/synthesis_capability_selection_bootstrap_v1.lisp
; in: DEFUN LSIP:GENERATE-SYNTHESIS-CAPABILITY-SELECTOR-SH6-SUCCESSOR-V1
;     (VALUES LSIP::ACCEPTED LSIP::OUTPUT LSIP::OBLIGATION LSIP::PLAN LSIP::PROGRAM
;             LSIP::SUCCESSOR-INSTANCE-REF LSIP::WITNESS)
; 
; caught WARNING:
;   undefined variable: LSIP::ACCEPTED

;     (LSIP::RPB-ID LSIP::ACCEPTED)
; 
; caught WARNING:
;   undefined variable: LSIP::ACCEPTED

;     (VALUES LSIP::ACCEPTED LSIP::OUTPUT LSIP::OBLIGATION LSIP::PLAN LSIP::PROGRAM
;             LSIP::SUCCESSOR-INSTANCE-REF LSIP::WITNESS)
; 
; caught WARNING:
;   undefined variable: LSIP::OUTPUT

;     (LSIP::SYNTHESIS-CAPABILITY-SELECTOR-SH6-MAKE-WITNESS-V1 :GENERATION
;                                                              LSIP::GENERATION
;                                                              :PARENT-INSTANCE-REF
;                                                              LSIP::PARENT-INSTANCE-REF
;                                                              :SUCCESSOR-INSTANCE-REF
;                                                              LSIP::SUCCESSOR-INSTANCE-REF
;                                                              :PROGRAM-REF
;                                                              LSIP::PROGRAM-REF
;                                                              :OBLIGATION-REF
;                                                              (LSIP::RPB-OBLIGATION-ID
;                                                               LSIP::OBLIGATION)
;                                                              :PLAN-REF ...)
; 
; caught WARNING:
;   undefined variable: LSIP::OUTPUT-REF

;     (LSIP::SYNTHESIS-CAPABILITY-SELECTOR-SH6-INSTANCE-REF-V1 LSIP::PROGRAM-REF
;                                                              LSIP::GENERATION
;                                                              LSIP::PARENT-INSTANCE-REF
;                                                              LSIP::OUTPUT-REF)
; 
; caught WARNING:
;   undefined variable: LSIP::OUTPUT-REF

;     (VALUES LSIP::ACCEPTED LSIP::OUTPUT LSIP::OBLIGATION LSIP::PLAN LSIP::PROGRAM
;             LSIP::SUCCESSOR-INSTANCE-REF LSIP::WITNESS)
; 
; caught WARNING:
;   undefined variable: LSIP::PROGRAM

;     (LIST :GENERATION LSIP::GENERATION :PARENT-INSTANCE-REF
;           LSIP::PARENT-INSTANCE-REF :PROGRAM-REF LSIP::PROGRAM-REF :PLAN-REF
;           (LSIP::RPB-PLAN-ID LSIP::PLAN) :ACCEPTED-PRODUCT-REF
;           (LSIP::RPB-ID LSIP::ACCEPTED))
; 
; caught WARNING:
;   undefined variable: LSIP::PROGRAM-REF

;     (EQUAL LSIP::PROGRAM-REF LSIP::SEMANTIC-PROGRAM-REF)
; 
; caught WARNING:
;   undefined variable: LSIP::PROGRAM-REF
; 
; caught WARNING:
;   undefined variable: LSIP::SEMANTIC-PROGRAM-REF

;     (VALUES LSIP::ACCEPTED LSIP::OUTPUT LSIP::OBLIGATION LSIP::PLAN LSIP::PROGRAM
;             LSIP::SUCCESSOR-INSTANCE-REF LSIP::WITNESS)
; 
; caught WARNING:
;   undefined variable: LSIP::SUCCESSOR-INSTANCE-REF

;     (LSIP::RECORD-SYNTHESIS-CAPABILITY-SELECTOR-SH5-STATE-V1 :SUCCESSOR-PROVEN
;                                                              :IMPLEMENTATION-REF
;                                                              LSIP::SUCCESSOR-INSTANCE-REF
;                                                              :EVIDENCE-REF
;                                                              (GETF LSIP::WITNESS
;                                                                    :WITNESS-IDENTITY)
;                                                              :DETAILS
;                                                              (LIST :GENERATION
;                                                                    LSIP::GENERATION
;                                                                    :PARENT-INSTANCE-REF
;                                                                    LSIP::PARENT-INSTANCE-REF
;                                                                    :PROGRAM-REF
;                                                                    LSIP::PROGRAM-REF
;                                                                    :PLAN-REF
;                                                                    (LSIP::RPB-PLAN-ID
;                                                                     LSIP::PLAN)
;                                                                    :ACCEPTED-PRODUCT-REF
;                                                                    (LSIP::RPB-ID
;                                                                     LSIP::ACCEPTED)))
; 
; caught WARNING:
;   undefined variable: LSIP::SUCCESSOR-INSTANCE-REF

;     (LSIP::SYNTHESIS-CAPABILITY-SELECTOR-SH6-MAKE-WITNESS-V1 :GENERATION
;                                                              LSIP::GENERATION
;                                                              :PARENT-INSTANCE-REF
;                                                              LSIP::PARENT-INSTANCE-REF
;                                                              :SUCCESSOR-INSTANCE-REF
;                                                              LSIP::SUCCESSOR-INSTANCE-REF
;                                                              :PROGRAM-REF
;                                                              LSIP::PROGRAM-REF
;                                                              :OBLIGATION-REF
;                                                              (LSIP::RPB-OBLIGATION-ID
;                                                               LSIP::OBLIGATION)
;                                                              :PLAN-REF ...)
; 
; caught WARNING:
;   undefined variable: LSIP::SUCCESSOR-INSTANCE-REF

;     (LSIP::SYNTHESIS-CAPABILITY-SELECTOR-SH6-REGISTER-WITNESS-V1 LSIP::WITNESS)
; 
; caught WARNING:
;   undefined variable: LSIP::WITNESS

;     (GETF LSIP::WITNESS :HANDWRITTEN-PREDECESSOR-ENABLED-P)
; 
; caught WARNING:
;   undefined variable: LSIP::WITNESS

;     (GETF LSIP::WITNESS :SELECTOR-COMPONENT-REF)
; 
; caught WARNING:
;   undefined variable: LSIP::WITNESS

; 
; caught WARNING:
;   2 more uses of undefined variable LSIP::WITNESS
; 
; compilation unit finished
;   Undefined functions:
;     (SETF LSIP::RPB-GET) LSIP::COMPILER-IR-EVAL-RUNTIME-STATE-SEED-V1 LSIP::FORMAL-SMT-MODEL-PROVIDER-SELECTION-V1-FORM LSIP::FORMAL-SMT-MODEL-PROVIDER-V1-PROVIDER-REF LSIP::FORMAL-SMT-MODEL-QUERY-V1-FORM LSIP::FORMAL-SMT-MODEL-QUERY-V1-METADATA LSIP::FORMAL-SMT-MODEL-QUERY-V1-PROVIDER-REF LSIP::FORMAL-SMT-MODEL-QUERY-V1-QUERY-ID LSIP::FORMAL-SMT-MODEL-RECEIPT-V1-FORM LSIP::FORMAL-SMT-MODEL-RECEIPT-V1-MODELS LSIP::FORMAL-SMT-MODEL-RECEIPT-V1-PROVIDER-REF LSIP::FORMAL-SMT-MODEL-RECEIPT-V1-RECEIPT-ID LSIP::FORMAL-SMT-MODEL-RECEIPT-V1-STATUS LSIP::MAKE-FORMAL-SMT-MODEL-QUERY-V1 LSIP::MAKE-FORMAL-SMT-MODEL-RECEIPT-V1 LSIP::OUTPUT-REF LSIP::SELECT-FORMAL-SMT-MODEL-PROVIDER-V1 LSIP::SUCCESSOR-INSTANCE-REF LSIP::SYMBOLIC-CANONICAL-FORM-V1 LSIP::VALIDATE-FORMAL-SMT-MODEL-RECEIPT-V1 LSIP::WITNESS
;   Undefined variables:
;     LSIP::*SEARCH-MESO-ALGEBRA-QUOTIENT-WITNESS-KIND-V1* LSIP::*SEARCH-MESO-ALGEBRA-STATE-CANONICALIZER-ID-V1* LSIP::*SEMANTIC-CONSTRUCTOR-EXECUTOR-ACTIVE-COMPONENT-ID* LSIP::*SEMANTIC-CONSTRUCTOR-EXECUTOR-REFERENCE-ENABLED-P* LSIP::*SEMANTIC-CONSTRUCTOR-SYNTHESIZER-ACTIVE-COMPONENT-ID* LSIP::*SEMANTIC-CONSTRUCTOR-SYNTHESIZER-REFERENCE-ENABLED-P* LSIP::*SEMANTIC-CONSTRUCTOR-VALIDATOR-ACTIVE-COMPONENT-ID* LSIP::*SEMANTIC-CONSTRUCTOR-VALIDATOR-REFERENCE-ENABLED-P* LSIP::*SYNTHESIS-REALIZATION-BINDINGS-V1* LSIP::*SYNTHESIS-SELF-HOST-COMPONENT-CONSTRUCTOR-SH35-CAPABILITY-V1* LSIP::*SYNTHESIS-SELF-HOST-CONSTRUCTOR-PRIMITIVE-ACTIVE-COMPONENT-ID* LSIP::*SYNTHESIS-SELF-HOST-CONSTRUCTOR-PRIMITIVE-REFERENCE-ENABLED-P* LSIP::*SYNTHESIS-SELF-HOST-CONSTRUCTOR-SERVICE-ACTIVE-COMPONENT-ID* LSIP::*SYNTHESIS-SELF-HOST-CONSTRUCTOR-SERVICE-REFERENCE-ENABLED-P* LSIP::*SYNTHESIS-SELF-HOST-PROGRAM-IDENTITY-ACTIVE-COMPONENT-ID* LSIP::*SYNTHESIS-SELF-HOST-PROGRAM-IDENTITY-REFERENCE-ENABLED-P* LSIP::*SYNTHESIS-SELF-HOST-SUCCESSOR-CONTROLLER-ACTIVE-COMPONENT-ID* LSIP::*SYNTHESIS-SELF-HOST-SUCCESSOR-CONTROLLER-REFERENCE-ENABLED-P* LSIP::+SEMANTIC-CONSTRUCTOR-EXECUTOR-REFERENCE-ID-V1+ LSIP::+SEMANTIC-CONSTRUCTOR-EXECUTOR-TARGET-ID-V1+ LSIP::+SEMANTIC-CONSTRUCTOR-SYNTHESIZER-REFERENCE-ID-V1+ LSIP::+SEMANTIC-CONSTRUCTOR-SYNTHESIZER-TARGET-ID-V1+ LSIP::+SEMANTIC-CONSTRUCTOR-VALIDATOR-REFERENCE-ID-V1+ LSIP::+SEMANTIC-CONSTRUCTOR-VALIDATOR-TARGET-ID-V1+ LSIP:+SYNTHESIS-ADMISSION-SH13-TARGET-ID-V1+ LSIP::+SYNTHESIS-AUTHORITY-CUTOVER-POLICY-TARGET-ID-V1+ LSIP:+SYNTHESIS-CAPABILITY-RANKING-SH11-TARGET-ID-V1+ LSIP:+SYNTHESIS-CAPABILITY-SELECTOR-SH5-TARGET-ID-V1+ LSIP:+SYNTHESIS-EVALUATOR-DISPATCH-SH12-TARGET-ID-V1+ LSIP::+SYNTHESIS-EXECUTION-SH16-TARGET-ID-V1+ LSIP::+SYNTHESIS-ORCHESTRATOR-SH17-TARGET-ID-V1+ LSIP::+SYNTHESIS-PLANNER-SH15-TARGET-ID-V1+ LSIP::+SYNTHESIS-PROPOSAL-PROVIDER-SH14-TARGET-ID-V1+ LSIP::+SYNTHESIS-PROVIDER-RESOLUTION-SH18-TARGET-ID-V1+ LSIP::+SYNTHESIS-SELF-HOST-COMPONENT-CONSTRUCTOR-SH35-VERSION-V1+ LSIP::+SYNTHESIS-SELF-HOST-CONSTRUCTOR-PRIMITIVE-REFERENCE-ID-V1+ LSIP::+SYNTHESIS-SELF-HOST-CONSTRUCTOR-PRIMITIVE-TARGET-ID-V1+ LSIP::+SYNTHESIS-SELF-HOST-CONSTRUCTOR-SERVICE-REFERENCE-ID-V1+ LSIP::+SYNTHESIS-SELF-HOST-CONSTRUCTOR-SERVICE-TARGET-ID-V1+ LSIP::+SYNTHESIS-SELF-HOST-PROGRAM-IDENTITY-REFERENCE-ID-V1+ LSIP::+SYNTHESIS-SELF-HOST-PROGRAM-IDENTITY-TARGET-ID-V1+ LSIP::+SYNTHESIS-SELF-HOST-SUCCESSOR-CONTROLLER-REFERENCE-ID-V1+ LSIP::+SYNTHESIS-SELF-HOST-SUCCESSOR-CONTROLLER-TARGET-ID-V1+ LSIP::ACCEPTED LSIP::OUTPUT LSIP::OUTPUT-REF LSIP::PROGRAM LSIP::PROGRAM-REF LSIP::SEMANTIC-PROGRAM-REF LSIP::SUCCESSOR-INSTANCE-REF LSIP::WITNESS
;   caught 124 WARNING conditions
PASS default LSIP boot binds V2 relations to final registry 89D5229A
PASS fixture uses an actual source-covered A002 checked theorem
PASS original and decoded receipts preserve exact admission identity
PASS L7 preserves original and decoded receipt admission
PASS original and decoded receipts preserve exact admission identity
PASS L7 preserves original and decoded receipt admission
PASS admission rejects retained-identity mutation of OBLIGATION-REF
PASS admission rejects retained-identity mutation of CLAIM-ID
PASS admission rejects retained-identity mutation of CLAIM-IDENTITY
PASS admission rejects retained-identity mutation of FORMAL-CLAIM-STATE-REF
PASS admission rejects retained-identity mutation of PROJECTION-REF
PASS admission rejects retained-identity mutation of CAPABILITY-REF
PASS admission rejects retained-identity mutation of RUN-REF
PASS admission rejects retained-identity mutation of EVIDENCE-REF
PASS admission rejects retained-identity mutation of PROOF-PROGRAM-REF
PASS admission rejects retained-identity mutation of PROOF-ENVIRONMENT-REF
PASS admission rejects retained-identity mutation of CHECKED-THEOREM-REF
PASS admission rejects retained-identity mutation of CHECKER-VERSION-REF
PASS admission rejects retained-identity mutation of PROOF-RULE-REGISTRY-REF
PASS admission rejects retained-identity mutation of RESULT-DIGEST
PASS admission rejects retained-identity mutation of CERTIFICATE-REF
PASS admission rejects retained-identity mutation of TRUSTED-BOUNDARY-REFS
PASS admission rejects retained-identity mutation of SUPERSESSION-REF
PASS admission rejects retained-identity mutation of AUTHORITY-REF
PASS admission rejects retained-identity mutation of SEMANTIC-IDENTITY
PASS L7 rejects a copied receipt rebound to a different obligation
PASS nonsemantic provenance remains outside receipt identity
PASS correctly hashed STALE receipt remains non-admissible
PASS flipping STALE to fresh cannot revive its retained identity
PASS correctly hashed SUPERSEDED receipt remains non-admissible
PASS flipping SUPERSEDED to fresh cannot revive its retained identity
PASS correctly hashed failed judgment remains non-admissible
PASS flipping fail to pass cannot revive its retained identity
RESIDUAL self-consistent changed obligation direct-admission=T l7-admission=T
PASS original A002 correspondence rejects the self-consistent changed obligation
FormalReceiptAdmissionIntegrityGreen checks=33 receipt=48f9da7e2c3db1d89030aad9ef674441168bfb66ced1ab5b8252d51f6293d41f
