
; file: /home/user0/ORCHESTRATION/worktrees/goggles-vm-feedback-47fe6800/lisp/formal_methods_fabric_v1.lisp
; in: DEFUN MAKE-FORMAL-PROOF-RECEIPT-V1
;     (EQUAL (LSIP:CHECKED-THEOREM-V1-CHECKER-VERSION-REF LSIP::CHECKED-THEOREM)
;            LSIP:*PROOF-MACHINE-CHECKER-VERSION-REF-V1*)
; 
; caught WARNING:
;   undefined variable: LSIP:*PROOF-MACHINE-CHECKER-VERSION-REF-V1*
; 
; compilation unit finished
;   Undefined types:
;     CHECKED-THEOREM-V1 PROOF-ENVIRONMENT-V1 PROOF-PROGRAM-V1
;   Undefined functions:
;     CHECKED-THEOREM-V1-CHECKER-VERSION-REF CHECKED-THEOREM-V1-PROOF-ENVIRONMENT-REF CHECKED-THEOREM-V1-PROOF-PROGRAM-REF CHECKED-THEOREM-V1-PROOF-RULE-REGISTRY-REF CHECKED-THEOREM-V1-ROOT-PROPOSITION-REF CHECKED-THEOREM-V1-THEOREM-IDENTITY FIND-CHECKED-THEOREM-V1 FIND-PROOF-ENVIRONMENT-V1 FIND-PROOF-PROGRAM-V1 PROOF-ENVIRONMENT-V1-RULE-REGISTRY-REF PROOF-ENVIRONMENT-V1-SEMANTIC-IDENTITY PROOF-PROGRAM-V1-GOAL-REF PROOF-PROGRAM-V1-PROGRAM-IDENTITY
;   Undefined variable:
;     *PROOF-MACHINE-CHECKER-VERSION-REF-V1*
;   caught 1 WARNING condition

; file: /home/user0/ORCHESTRATION/worktrees/goggles-vm-feedback-47fe6800/lisp/formal_methods_fabric_v1.lisp
; in: DEFUN FORMAL-PROOF-RECEIPT-V1-ADMISSION-ROW
;     (EQUAL (LSIP:FORMAL-PROOF-RECEIPT-V1-CHECKER-VERSION-REF LSIP::RECEIPT)
;            LSIP:*PROOF-MACHINE-CHECKER-VERSION-REF-V1*)
; 
; caught WARNING:
;   undefined variable: LSIP:*PROOF-MACHINE-CHECKER-VERSION-REF-V1*
; 
; compilation unit finished
;   Undefined functions:
;     CHECKED-THEOREM-V1-CHECKER-VERSION-REF CHECKED-THEOREM-V1-PROOF-ENVIRONMENT-REF CHECKED-THEOREM-V1-PROOF-PROGRAM-REF CHECKED-THEOREM-V1-PROOF-RULE-REGISTRY-REF CHECKED-THEOREM-V1-ROOT-PROPOSITION-REF CHECKED-THEOREM-V1-THEOREM-IDENTITY FIND-CHECKED-THEOREM-V1 FIND-PROOF-ENVIRONMENT-V1 FIND-PROOF-PROGRAM-V1 PROOF-ENVIRONMENT-V1-SEMANTIC-IDENTITY PROOF-PROGRAM-V1-GOAL-REF PROOF-PROGRAM-V1-PROGRAM-IDENTITY
;   Undefined variable:
;     *PROOF-MACHINE-CHECKER-VERSION-REF-V1*
;   caught 1 WARNING condition
NATIVE_RANK_PROOF_GREEN edges=29 theorem=b5c2b45c48aa15d676e4d85a54e1a2a7f3151b7e48240fb361b54bbde53d60ae executable=BLOCKED
