
; file: /home/user0/ORCHESTRATION/worktrees/goggles-vm-feedback-47fe6800/lisp/formal_methods_fabric_v1.lisp
; in: DEFUN MAKE-FORMAL-PROOF-RECEIPT-V1
;     (EQUAL (LSIP:CHECKED-THEOREM-V1-CHECKER-VERSION-REF LSIP::CHECKED-THEOREM)
;            LSIP:*PROOF-MACHINE-CHECKER-VERSION-REF-V1*)
; 
; caught WARNING:
;   undefined variable: LSIP:*PROOF-MACHINE-CHECKER-VERSION-REF-V1*
; 
; compilation unit finished
;   Undefined types:
;     CHECKED-THEOREM-V1 PROOF-ENVIRONMENT-V1 PROOF-PROGRAM-V1
;   Undefined functions:
;     CHECKED-THEOREM-V1-CHECKER-VERSION-REF CHECKED-THEOREM-V1-PROOF-ENVIRONMENT-REF CHECKED-THEOREM-V1-PROOF-PROGRAM-REF CHECKED-THEOREM-V1-PROOF-RULE-REGISTRY-REF CHECKED-THEOREM-V1-ROOT-PROPOSITION-REF CHECKED-THEOREM-V1-THEOREM-IDENTITY FIND-CHECKED-THEOREM-V1 FIND-PROOF-ENVIRONMENT-V1 FIND-PROOF-PROGRAM-V1 PROOF-ENVIRONMENT-V1-RULE-REGISTRY-REF PROOF-ENVIRONMENT-V1-SEMANTIC-IDENTITY PROOF-PROGRAM-V1-GOAL-REF PROOF-PROGRAM-V1-PROGRAM-IDENTITY
;   Undefined variable:
;     *PROOF-MACHINE-CHECKER-VERSION-REF-V1*
;   caught 1 WARNING condition

; file: /home/user0/ORCHESTRATION/worktrees/goggles-vm-feedback-47fe6800/lisp/formal_methods_fabric_v1.lisp
; in: DEFUN FORMAL-PROOF-RECEIPT-V1-ADMISSION-ROW
;     (EQUAL (LSIP:FORMAL-PROOF-RECEIPT-V1-CHECKER-VERSION-REF LSIP::RECEIPT)
;            LSIP:*PROOF-MACHINE-CHECKER-VERSION-REF-V1*)
; 
; caught WARNING:
;   undefined variable: LSIP:*PROOF-MACHINE-CHECKER-VERSION-REF-V1*
; 
; compilation unit finished
;   Undefined functions:
;     CHECKED-THEOREM-V1-CHECKER-VERSION-REF CHECKED-THEOREM-V1-PROOF-ENVIRONMENT-REF CHECKED-THEOREM-V1-PROOF-PROGRAM-REF CHECKED-THEOREM-V1-PROOF-RULE-REGISTRY-REF CHECKED-THEOREM-V1-ROOT-PROPOSITION-REF CHECKED-THEOREM-V1-THEOREM-IDENTITY FIND-CHECKED-THEOREM-V1 FIND-PROOF-ENVIRONMENT-V1 FIND-PROOF-PROGRAM-V1 PROOF-ENVIRONMENT-V1-SEMANTIC-IDENTITY PROOF-PROGRAM-V1-GOAL-REF PROOF-PROGRAM-V1-PROGRAM-IDENTITY
;   Undefined variable:
;     *PROOF-MACHINE-CHECKER-VERSION-REF-V1*
;   caught 1 WARNING condition
NATIVE_FIM_OBLIGATION_GREEN subject=63cd7669632f2de9be2693600a26a043654b9eec61013f6df5bda01105b79e03 receipt=d2f05c76dac077194d25637dfce7201958a4915eebc1de0a5d44afc6a3362ff7 implementation-proof=OPEN executable=BLOCKED
