Kani Rust Verifier 0.67.0 (standalone)
warning: unexpected `cfg` condition name: `test`
  --> /home/user0/FIM/runs/typed-rule-tower/1791491290246378450/formal-transaction/fim/candidate-kani.rs:16:7
   |
16 | #[cfg(test)] mod tests {
   |       ^^^^
   |
   = help: expected names are: `kani` and 31 more
   = help: to expect this configuration use `--check-cfg=cfg(test)`
   = note: see <https://doc.rust-lang.org/nightly/rustc/check-cfg.html> for more information about checking conditional configuration
   = note: `#[warn(unexpected_cfgs)]` on by default

warning: Found the following unsupported constructs:
             - caller_location (1)
             - foreign function (2)
         
         Verification will fail if one or more of these constructs is reachable.
         See https://model-checking.github.io/kani/rust-feature-support.html for more details.

warning: 2 warnings emitted

Checking harness verification::completion_contract...

VERIFICATION RESULT:
 ** 3 of 552 failed (15 unreachable)
Failed Checks: attempt to subtract with overflow
 File: "/home/user0/FIM/runs/typed-rule-tower/1791491290246378450/formal-transaction/fim/candidate-kani.rs", line 14, in accept_completion
Failed Checks: assertion failed: actual.is_some() == allowed
 File: "/home/user0/FIM/runs/typed-rule-tower/1791491290246378450/formal-transaction/fim/candidate-kani.rs", line 46, in verification::completion_contract
Failed Checks: assertion failed: next.remaining == state.remaining
 File: "/home/user0/FIM/runs/typed-rule-tower/1791491290246378450/formal-transaction/fim/candidate-kani.rs", line 48, in verification::completion_contract

VERIFICATION:- FAILED
Verification Time: 41.62437s

Manual Harness Summary:
Verification failed for - verification::completion_contract
Complete - 0 successfully verified harnesses, 1 failures, 1 total.
