(:ADDRESS "7f7698afedb630d802769675ab1e4f2cef5a5109113325166e96c94f8b187c08"
 :SNAPSHOT "50699b7191776fb527befcd8abf02487368d559cd617025b0df2cf7e6fd42240"
 :REGISTRY :RELATION-REGISTRY-V1 :ROW
 #S(SEMANTIC-RELATION-ROW-V1
    :LOCAL-RELATION-KEY (:A002-APPLICATION
                         "534881ff86b9da1489e6002594844070b328d92542b71f62d0885d7480f07c82")
    :RELATION-KIND :DATAFLOW
    :CONSTITUTION-REF "d477035022e830dc68422b2460e5a2289a123ba69c27caa92487bfce8f501632"
    :ALGEBRA-AUTHORITY-REF (:REGISTRY-V2-REF "6BA036E9" :LAW-SET-REF
                            "fe25d1306ada925e762c3b4ef0e4d44404dde51c62bcc46f1ff911c21821eddd"
                            :CONSTITUTION-REF
                            "d477035022e830dc68422b2460e5a2289a123ba69c27caa92487bfce8f501632")
    :PARAMETER-BINDINGS (:SOURCE-SURFACE
                         (:SCHEMA :SEMANTIC-BOUNDARY-SURFACE-REF-V1
                          :SURFACE-IDENTITY
                          "6c64820cf8bad4e7c76e41a6d0bf21feddeb483ea7dc7cc44422a6fbb9000865")
                         :TARGET-SURFACE
                         (:SCHEMA :SEMANTIC-BOUNDARY-SURFACE-REF-V1
                          :SURFACE-IDENTITY
                          "0cb0bd62862291e15f1cf1fc9f77735fea11f10421208e6742b8a9f46a7eecff"))
    :FORMAL-STATE-REF NIL
    :PROVENANCE-REF (:SEMANTIC-RELATION-APPLICATION-REF
                     "534881ff86b9da1489e6002594844070b328d92542b71f62d0885d7480f07c82")
    :RELATION-ROW-IDENTITY "da94d386b20539c91c63347bfe7ab3c3f4afa10a09a49fc914f8e0446e35d228"))
