PASS LIFECYCLE (LIFECYCLE)
PASS MISSING-EFFECT (EFFECT)
PASS PROOF-ALIAS (CORRESPONDENCE)
PASS ROOT (MISSING)
PASS RULES (CORRESPONDENCE)
PASS RELATION-MAP (RELATION)
PASS PROVEN-WITH-FORGED-EVIDENCE (PROOF)
PASS PROOF-NATIVE (PROOF)
PASS REVERSE-ROUTE (ROUTE)
PASS STATE (STATE)
PASS CYCLE (CONTAINMENT)
PASS TRANSITION-EFFECT (EFFECT)
PASS BODY-PRIMITIVE (UNSUPPORTED-PROFILE)
PASS INITIALIZED-MEMORY (UNSUPPORTED-PROFILE)
PASS ROW-REF (ADDRESS)
PASS BUNDLE-OCCURRENCE-PATH (ADDRESS)
PASS BUNDLE-SNAPSHOT-REF (ADDRESS)
PASS REGISTRY-KIND (ADDRESS)
PASS LINEAGE-REF (ADDRESS)
PASS ADDRESS-IDENTITY (ADDRESS)
PASS FACET-REF (ADDRESS)
PASS INCOMPATIBLE-TYPE (TYPE)
PASS MISSING-MEMBER (MISSING)
PASS second-fixture (two distinct relations)
PASS compact-queries
SHG_TEST_GREEN checks=25
