((:TYPES (:TYPES :ID :T :SCHEMA (:NOMINAL :MESSAGE-V1) :REFINEMENTS NIL))
 (:EFFECTS
  (:EFFECTS :ID :E :INPUT :T :OUTPUT :T :CONSTRAINTS (:DECLARED-ONLY)))
 (:CONTRACTS
  (:CONTRACTS :ID :C :ASSUME (:TYPED-INPUT) :GUARANTEE (:TYPED-OUTPUT)
   :INVARIANTS (:BOUNDARY-PRESERVED) :EFFECTS (:E) :DEPENDENCIES NIL))
 (:PORTS
  (:PORTS :ID :P-OUT :OWNER :INSTANCE :DIRECTION :OUT :VALUE-TYPE :T :EFFECTS
   (:E) :CONTRACT :C)
  (:PORTS :ID :P-IN :OWNER :INSTANCE :DIRECTION :IN :VALUE-TYPE :T :EFFECTS
   (:E) :CONTRACT :C))
 (:NODE-TYPES
  (:NODE-TYPES :ID :N :PORTS (:P-IN :P-OUT) :OPERATIONS (:OP) :MACHINE :M
   :CONTRACT :C))
 (:OCCURRENCES
  (:OCCURRENCES :ID :INSTANCE :TYPE :N :PARENT :NONE :GENERATION 0 :STATE :IDLE
   :MEMORY :MEM :PROVIDER :BINDING :BODY :H))
 (:RELATIONS
  (:RELATIONS :ID :R :TYPE :DATAFLOW :ENDS
   ((:SOURCE :INSTANCE :P-OUT) (:TARGET :INSTANCE :P-IN)) :CONTRACT :C :EFFECTS
   (:E) :HANDLER :UNBOUND))
 (:MACHINES
  (:MACHINES :ID :M :STATES (:IDLE :DONE) :INITIAL :IDLE :TRANSITIONS
   ((:ID :ADVANCE :FROM :IDLE :TO :DONE :TRIGGER :MESSAGE-V1 :GUARD
     :TYPED-INPUT :OPERATION :OP :EFFECTS (:E) :CONTRACT :C))))
 (:OPERATIONS
  (:OPERATIONS :ID :OP :BOUNDARY (:INPUTS (:P-IN) :OUTPUTS (:P-OUT))
   :PRECONDITIONS (:TYPED-INPUT) :POSTCONDITIONS (:TYPED-OUTPUT) :EFFECTS (:E)
   :BODY :H :CONTRACT :C))
 (:MEMORY
  (:MEMORY :ID :MEM :SLOTS ((:ID :SLOT :TYPE :T :VALUE :UNINITIALIZED))))
 (:HOLES (:HOLES :ID :H :BOUNDARY :C :OBLIGATIONS (:PROOF)))
 (:ADDRESSES
  (:ADDRESSES :ID :OP-ADDRESS :ROOT :G :GENERATION 0 :PATH (:G) :MEMBER :OP))
 (:BINDINGS
  (:BINDINGS :ID :BINDING :PROVIDER :UNBOUND :CAPABILITY :UNBOUND :REALIZATION
   :UNBOUND :CONTRACT :C))
 (:EVIDENCE
  (:EVIDENCE :ID :PROOF :KIND :OBLIGATION :SUBJECT :OP-ADDRESS :GENERATION 0
   :DIGEST NIL :CLAIM :IMPLEMENTATION-REFINES-CONTRACT :METHOD :UNBOUND :STATUS
   :OPEN :EVIDENCE NIL))
 (:HISTORY))
