(:ADDRESS "771250576a89725336bebe75648a26c635c29c3ad4f869025e5b3072072c5261"
 :SNAPSHOT "50699b7191776fb527befcd8abf02487368d559cd617025b0df2cf7e6fd42240"
 :REGISTRY :MEMBER-REGISTRY-V1 :ROW
 #S(SEMANTIC-MEMBER-ROW-V1
    :LOCAL-MEMBER-KEY :OP
    :MEMBER-KIND :OPERATION
    :SEMANTIC-REF (:OPERATIONS :ID :OP :BOUNDARY
                   (:INPUTS (:P-IN) :OUTPUTS (:P-OUT)) :PRECONDITIONS
                   (:TYPED-INPUT) :POSTCONDITIONS (:TYPED-OUTPUT) :EFFECTS (:E)
                   :BODY :H :CONTRACT :C)
    :SURFACE-REF NIL
    :REFINEMENT-REF NIL
    :CHILD-BUNDLE-REF NIL
    :STATE-PROFILE-REF NIL
    :EFFECT-PROFILE-REF NIL
    :RESOURCE-PROFILE-REF NIL
    :AUTHORITY-PROFILE-REF NIL
    :FORMAL-STATE-REF NIL
    :PROVENANCE-REF NIL
    :MEMBER-ROW-IDENTITY "f13835743ec6eb219a813ecebae0d3d48e204449e8235c981bd14fcbde5b2aa8"))
