(:GRAPH :G :ROOT /G :ROOT-ADDRESS
 "18962589d7b8a6a3888a6cc87697d47e9cb7dfe17611bcc64cbce7c1d0ed39d8" :GENERATION
 0 :SNAPSHOT "50699b7191776fb527befcd8abf02487368d559cd617025b0df2cf7e6fd42240"
 :COLLECTIONS
 ((:TYPES 1) (:EFFECTS 1) (:CONTRACTS 1) (:PORTS 2) (:NODE-TYPES 1)
  (:OCCURRENCES 1) (:RELATIONS 1) (:MACHINES 1) (:OPERATIONS 1) (:MEMORY 1)
  (:HOLES 1) (:ADDRESSES 1) (:BINDINGS 1) (:EVIDENCE 1) (:HISTORY 0))
 :REGISTRIES
 ((:CHILD-BUNDLE-REGISTRY-V1
   "7201e5bb3bce65568f3a77cc11d0cbc4bcefb172ef075b8c0acec13610c83f96")
  (:EXPORT-REGISTRY-V1
   "1d79a7034f76c9a247e25b0bb990090ddcbbbf9f839a58c854bb2fcb4d2bfb6a")
  (:IMPORT-REGISTRY-V1
   "99d0bf87f90f2ef283da9d94105d39123078321e61b6930e48a73b730066767d")
  (:DEPENDENCY-REGISTRY-V1
   "c89c22e787489f903b83929a8998b5174c4fc8f65a09913bd49f22e9a943fc9d")
  (:FORMAL-BINDING-REGISTRY-V1
   "67ea6420c44015b1e8261f7bb565b65787eeb0483a363f08de7adf256e964b38")
  (:EVIDENCE-REGISTRY-V1
   "3f235488aa8bba18ae99eb63c26608a75ed33533506a53788ba79118bd6c48b8")
  (:REALIZATION-REGISTRY-V1
   "c128b335fe5cc875a66221b4a7e22ddeda32d96b0c393d5398b85969b59cf08e")
  (:ARTIFACT-LINKAGE-REGISTRY-V1
   "ac95d9db36ee25a81d3509bd0a15ad3f3f2cd94cd181849a70d5ed99ed8b2e74")
  (:ROUTE-REGISTRY-V1
   "367c7170d019ecbffc29f57f61905efdbe19a44f88072fad49bcd9ab6ae8f6f8")
  (:SATURATED-CODATA-REGISTRY-V1
   "dca73d99a3c78f8cb87d90d5f900d7ce53fcdf985b21d5244405c40894dcb098")
  (:SEMANTIC-CONSEQUENCE-TRANSPORT-REGISTRY-V1
   "943bf24cbe9680fadfa99fa7dc38009fdde31661e341a489aa696e680ba483ce"))
 :CHECKS
 (:STRUCTURAL :CHECKED :PREDICATES :RETAINED :BEHAVIORAL :UNVERIFIED :EXECUTION
  :UNBOUND :PROFILE :GENERATION-ZERO-READ-ONLY-DATAFLOW))
