(:ADDRESS "18962589d7b8a6a3888a6cc87697d47e9cb7dfe17611bcc64cbce7c1d0ed39d8"
 :SNAPSHOT "50699b7191776fb527befcd8abf02487368d559cd617025b0df2cf7e6fd42240"
 :REGISTRY :MEMBER-REGISTRY-V1 :ROW
 #S(SEMANTIC-MEMBER-ROW-V1
    :LOCAL-MEMBER-KEY /G
    :MEMBER-KIND :SEMANTIC-OBJECT
    :SEMANTIC-REF (:SEMANTIC-HYPERGRAPH :G :VERSION (0 1) :GENERATION 0 :ROOT
                   /G :COLLECTIONS
                   (:TYPES :EFFECTS :CONTRACTS :PORTS :NODE-TYPES :OCCURRENCES
                    :RELATIONS :MACHINES :OPERATIONS :MEMORY :HOLES :ADDRESSES
                    :BINDINGS :EVIDENCE :HISTORY)
                   :TRANSFORMATIONS
                   ((:INSTANTIATE :REQUIRES
                     (:VALID-NODE-TYPE :LAWFUL-PLACEMENT) :PRODUCES
                     (:DISTINCT-OCCURRENCE :DECLARED-PORTS))
                    (:OPEN-BODY :REQUIRES (:DECLARED-OPERATION-BOUNDARY)
                     :PRODUCES (:TYPED-HOLE :REFINEMENT-OBLIGATIONS))
                    (:NEST :REQUIRES (:COMPATIBLE-CHILD-BOUNDARY) :PRODUCES
                     (:PARENT-CHILD-CORRESPONDENCE))
                    (:RELATE :REQUIRES (:VALID-RELATION-CONSTITUTION) :PRODUCES
                     (:RELATION :ROLE-BEARING-INCIDENCES))
                    (:DERIVE-DEPENDENCY :REQUIRES
                     (:REFERENCED-CONTRACT-OR-TYPE) :PRODUCES
                     (:DEPENDENCY-RELATION))
                    (:REFINE :REQUIRES
                     (:BOUNDARY-PRESERVATION :STATE-EFFECT-PRESERVATION
                      :BEHAVIORAL-REFINEMENT)
                     :PRODUCES (:SUCCESSOR-BODY :PROOF-OBLIGATIONS))
                    (:REVISE :REQUIRES
                     (:IDENTIFIED-GENERATION :EXPLICIT-GRAPH-DELTA) :PRODUCES
                     (:SUCCESSOR-GENERATION :REVISION-RECORD))
                    (:ADMIT :REQUIRES
                     (:VERIFIED-OBLIGATIONS :VALID-CONTRACTS
                      :CONSISTENT-ADDRESSES)
                     :PRODUCES (:ADMITTED-GENERATION)))
                   :PROJECTIONS
                   ((:STRUCTURAL :OCCURRENCES :PORTS :RELATIONS :ADDRESSES)
                    (:OPERATIONAL :MACHINES :OPERATIONS :EFFECTS :MEMORY)
                    (:DEPENDENCY :CONTRACTS :DEPENDENCY-RELATIONS)
                    (:VERIFICATION :INVARIANTS :OBLIGATIONS :EVIDENCE)
                    (:SYNTHESIS :OPERATIONS :MACHINES :BINDINGS :TARGET
                     :STACK-SYNTH)
                    (:ROUTING :BINDINGS :ADDRESSES :CONTRACTS :TARGET
                     :ROUTE-REGISTRY)
                    (:EVOLUTION :TRANSFORMATIONS :REVISIONS :HISTORY))
                   :INVARIANTS
                   (:UNIQUE-OCCURRENCE-IDENTITIES :WELL-TYPED-PORT-INCIDENCES
                    :WELL-FORMED-ROLE-ASSIGNMENTS
                    :VALID-PARENT-CHILD-BOUNDARIES
                    :STABLE-GENERATION-ADDRESSING :DECLARED-EFFECTS-ONLY
                    :TRANSITION-CONTRACT-CONSISTENCY
                    :REFINEMENT-PRESERVES-EXTERNAL-CONTRACT
                    :ADMISSION-REQUIRES-VERIFICATION)
                   :LIFECYCLE :INSTANTIATED)
    :SURFACE-REF NIL
    :REFINEMENT-REF NIL
    :CHILD-BUNDLE-REF NIL
    :STATE-PROFILE-REF NIL
    :EFFECT-PROFILE-REF NIL
    :RESOURCE-PROFILE-REF NIL
    :AUTHORITY-PROFILE-REF NIL
    :FORMAL-STATE-REF NIL
    :PROVENANCE-REF NIL
    :MEMBER-ROW-IDENTITY "a4fa68d6f8aa0755790d46888e2e23e73142a173f8aa5ddb982fd16bd432b80c"))
