(:ADDRESS "e957c60b50ec53b81b08429d61788aafeb31ed8b1acdaa3bd62c095f3e690002"
 :SNAPSHOT "802bc5b2ae2573c3072a51ae081534d4a062ce4b5690c40fd198f43022ea3c9e"
 :REGISTRY :MEMBER-REGISTRY-V1 :ROW
 #S(SEMANTIC-MEMBER-ROW-V1
    :LOCAL-MEMBER-KEY :B-OP
    :MEMBER-KIND :OPERATION
    :SEMANTIC-REF (:OPERATIONS :ID :B-OP :BOUNDARY
                   (:INPUTS (:B-P-IN) :OUTPUTS (:B-EXTRA :B-P-OUT))
                   :PRECONDITIONS (:TYPED-INPUT) :POSTCONDITIONS
                   (:TYPED-OUTPUT) :EFFECTS (:B-E) :BODY :B-H :CONTRACT :B-C)
    :SURFACE-REF NIL
    :REFINEMENT-REF NIL
    :CHILD-BUNDLE-REF NIL
    :STATE-PROFILE-REF NIL
    :EFFECT-PROFILE-REF NIL
    :RESOURCE-PROFILE-REF NIL
    :AUTHORITY-PROFILE-REF NIL
    :FORMAL-STATE-REF NIL
    :PROVENANCE-REF NIL
    :MEMBER-ROW-IDENTITY "8c6e534262e32b35054337ec6aca08b4dc7b9675e2dac3675c83b6599227131e"))
