((:RELATION-REF
  "00118a8eb0c5061e8db948c1c8b97491a04f98a3e13177003cbca32aec2cf047"
  :HYPEREDGE-REF
  "4e0161c1fac08bb0362d4d1392e1258ff56c2e776e10d4ccb56d0213c40603b9"
  :RELATION-KIND :SEMANTIC-BINDING :INCIDENCES
  ((:RELATION-REF
    "00118a8eb0c5061e8db948c1c8b97491a04f98a3e13177003cbca32aec2cf047" :ROLE
    :CONTRACT :PARTICIPANT-KIND :SEMANTIC-VALUE :PARTICIPANT-REF
    "02c8cf1790414090710d5188825f53d5478612fb19aa39f2142cb1a89d3c2940" :ORDINAL
    NIL :CONTRACT-REF NIL :FORMAL-STATE-REF NIL)
   (:RELATION-REF
    "00118a8eb0c5061e8db948c1c8b97491a04f98a3e13177003cbca32aec2cf047" :ROLE
    :DEPENDENT :PARTICIPANT-KIND :PORT :PARTICIPANT-REF
    "10d395652603f2c6f5b052ecf34fd76ae23dcd05e815c8cad7f1c4cbd2be3052" :ORDINAL
    NIL :CONTRACT-REF NIL :FORMAL-STATE-REF NIL)))
 (:RELATION-REF
  "bf8baa088bcbac34586c38fdaee6e73b6687e2403ef725286cd63f3a956de836"
  :HYPEREDGE-REF
  "879d3e6200a973be4eecaef7a9ed1f2b03ba554daa7311b5fbe600e8c1d831f5"
  :RELATION-KIND :SEMANTIC-BINDING :INCIDENCES
  ((:RELATION-REF
    "bf8baa088bcbac34586c38fdaee6e73b6687e2403ef725286cd63f3a956de836" :ROLE
    :DEPENDENT :PARTICIPANT-KIND :PORT :PARTICIPANT-REF
    "10d395652603f2c6f5b052ecf34fd76ae23dcd05e815c8cad7f1c4cbd2be3052" :ORDINAL
    NIL :CONTRACT-REF NIL :FORMAL-STATE-REF NIL)
   (:RELATION-REF
    "bf8baa088bcbac34586c38fdaee6e73b6687e2403ef725286cd63f3a956de836" :ROLE
    :CONTRACT :PARTICIPANT-KIND :SEMANTIC-VALUE :PARTICIPANT-REF
    "6295299a786a64695d005b909816ddc02b42e1b78ce15f2515c265bd43ced8a7" :ORDINAL
    NIL :CONTRACT-REF NIL :FORMAL-STATE-REF NIL)))
 (:RELATION-REF
  "da94d386b20539c91c63347bfe7ab3c3f4afa10a09a49fc914f8e0446e35d228"
  :HYPEREDGE-REF
  "58b57ba33e991540cf157aa30493a83efece8972c485075b88c06d579648a7f6"
  :RELATION-KIND :DATAFLOW :INCIDENCES
  ((:RELATION-REF
    "da94d386b20539c91c63347bfe7ab3c3f4afa10a09a49fc914f8e0446e35d228" :ROLE
    :TARGET :PARTICIPANT-KIND :PORT :PARTICIPANT-REF
    "298427f592c2edc00af7afd37d4e68ef2ec7f1c93aec0b484ed698acc41593f4" :ORDINAL
    NIL :CONTRACT-REF NIL :FORMAL-STATE-REF NIL)
   (:RELATION-REF
    "da94d386b20539c91c63347bfe7ab3c3f4afa10a09a49fc914f8e0446e35d228" :ROLE
    :SOURCE :PARTICIPANT-KIND :PORT :PARTICIPANT-REF
    "10d395652603f2c6f5b052ecf34fd76ae23dcd05e815c8cad7f1c4cbd2be3052" :ORDINAL
    NIL :CONTRACT-REF NIL :FORMAL-STATE-REF NIL))))
