((:RELATION-REF
  "00118a8eb0c5061e8db948c1c8b97491a04f98a3e13177003cbca32aec2cf047"
  :HYPEREDGE-REF
  "4e0161c1fac08bb0362d4d1392e1258ff56c2e776e10d4ccb56d0213c40603b9"
  :RELATION-KIND :SEMANTIC-BINDING :INCIDENCES
  ((:RELATION-REF
    "00118a8eb0c5061e8db948c1c8b97491a04f98a3e13177003cbca32aec2cf047" :ROLE
    :CONTRACT :PARTICIPANT-KIND :SEMANTIC-VALUE :PARTICIPANT-REF
    "02c8cf1790414090710d5188825f53d5478612fb19aa39f2142cb1a89d3c2940" :ORDINAL
    NIL :CONTRACT-REF NIL :FORMAL-STATE-REF NIL)
   (:RELATION-REF
    "00118a8eb0c5061e8db948c1c8b97491a04f98a3e13177003cbca32aec2cf047" :ROLE
    :DEPENDENT :PARTICIPANT-KIND :PORT :PARTICIPANT-REF
    "10d395652603f2c6f5b052ecf34fd76ae23dcd05e815c8cad7f1c4cbd2be3052" :ORDINAL
    NIL :CONTRACT-REF NIL :FORMAL-STATE-REF NIL)))
 (:RELATION-REF
  "00e7773a728e072a4ebddadd657c7162febd659ea8ada5c2ec6edfddb56d9cc7"
  :HYPEREDGE-REF
  "d5af967cd94622037c86b4e0a4d310fc0638ac18a4dff42fa8f7e743e8260b6e"
  :RELATION-KIND :SEMANTIC-BINDING :INCIDENCES
  ((:RELATION-REF
    "00e7773a728e072a4ebddadd657c7162febd659ea8ada5c2ec6edfddb56d9cc7" :ROLE
    :CONTRACT :PARTICIPANT-KIND :SEMANTIC-VALUE :PARTICIPANT-REF
    "02c8cf1790414090710d5188825f53d5478612fb19aa39f2142cb1a89d3c2940" :ORDINAL
    NIL :CONTRACT-REF NIL :FORMAL-STATE-REF NIL)
   (:RELATION-REF
    "00e7773a728e072a4ebddadd657c7162febd659ea8ada5c2ec6edfddb56d9cc7" :ROLE
    :DEPENDENT :PARTICIPANT-KIND :PORT :PARTICIPANT-REF
    "298427f592c2edc00af7afd37d4e68ef2ec7f1c93aec0b484ed698acc41593f4" :ORDINAL
    NIL :CONTRACT-REF NIL :FORMAL-STATE-REF NIL)))
 (:RELATION-REF
  "0367d89533bdb2cb82bfd924ab6a74d34d797ad24030a06ece3bf66930cc0650"
  :HYPEREDGE-REF
  "5faad7a536d514c0c0669b7cff4c869cd6cedaf1491af58b0415d395b527d052"
  :RELATION-KIND :SEMANTIC-BINDING :INCIDENCES
  ((:RELATION-REF
    "0367d89533bdb2cb82bfd924ab6a74d34d797ad24030a06ece3bf66930cc0650" :ROLE
    :DEPENDENT :PARTICIPANT-KIND :PORT :PARTICIPANT-REF
    "298427f592c2edc00af7afd37d4e68ef2ec7f1c93aec0b484ed698acc41593f4" :ORDINAL
    NIL :CONTRACT-REF NIL :FORMAL-STATE-REF NIL)
   (:RELATION-REF
    "0367d89533bdb2cb82bfd924ab6a74d34d797ad24030a06ece3bf66930cc0650" :ROLE
    :CONTRACT :PARTICIPANT-KIND :SEMANTIC-VALUE :PARTICIPANT-REF
    "6295299a786a64695d005b909816ddc02b42e1b78ce15f2515c265bd43ced8a7" :ORDINAL
    NIL :CONTRACT-REF NIL :FORMAL-STATE-REF NIL)))
 (:RELATION-REF
  "23d7268db830447dbc1f44b03219f278accfb149e7e4e42eaa4a453ae637899c"
  :HYPEREDGE-REF
  "763bfc060865c103f53d85e2a978474802965976db5a3257cbf34270ed33e42e"
  :RELATION-KIND :SEMANTIC-BINDING :INCIDENCES
  ((:RELATION-REF
    "23d7268db830447dbc1f44b03219f278accfb149e7e4e42eaa4a453ae637899c" :ROLE
    :DEPENDENT :PARTICIPANT-KIND :MEMBER :PARTICIPANT-REF
    "02c8cf1790414090710d5188825f53d5478612fb19aa39f2142cb1a89d3c2940" :ORDINAL
    NIL :CONTRACT-REF NIL :FORMAL-STATE-REF NIL)
   (:RELATION-REF
    "23d7268db830447dbc1f44b03219f278accfb149e7e4e42eaa4a453ae637899c" :ROLE
    :CONTRACT :PARTICIPANT-KIND :SEMANTIC-VALUE :PARTICIPANT-REF
    "6295299a786a64695d005b909816ddc02b42e1b78ce15f2515c265bd43ced8a7" :ORDINAL
    NIL :CONTRACT-REF NIL :FORMAL-STATE-REF NIL)))
 (:RELATION-REF
  "5b87038967c785d910f477d8fd98e27e6b7f5eedb576b068bce0c99d92f72e2f"
  :HYPEREDGE-REF
  "fc34938d827dbba2088eb8467cea1b992cb83e2c1a04e7ff8235584b1254ff3c"
  :RELATION-KIND :SEMANTIC-BINDING :INCIDENCES
  ((:RELATION-REF
    "5b87038967c785d910f477d8fd98e27e6b7f5eedb576b068bce0c99d92f72e2f" :ROLE
    :DEPENDENT :PARTICIPANT-KIND :MEMBER :PARTICIPANT-REF
    "02c8cf1790414090710d5188825f53d5478612fb19aa39f2142cb1a89d3c2940" :ORDINAL
    NIL :CONTRACT-REF NIL :FORMAL-STATE-REF NIL)
   (:RELATION-REF
    "5b87038967c785d910f477d8fd98e27e6b7f5eedb576b068bce0c99d92f72e2f" :ROLE
    :CONTRACT :PARTICIPANT-KIND :SEMANTIC-VALUE :PARTICIPANT-REF
    "6295299a786a64695d005b909816ddc02b42e1b78ce15f2515c265bd43ced8a7" :ORDINAL
    NIL :CONTRACT-REF NIL :FORMAL-STATE-REF NIL)))
 (:RELATION-REF
  "bf8baa088bcbac34586c38fdaee6e73b6687e2403ef725286cd63f3a956de836"
  :HYPEREDGE-REF
  "879d3e6200a973be4eecaef7a9ed1f2b03ba554daa7311b5fbe600e8c1d831f5"
  :RELATION-KIND :SEMANTIC-BINDING :INCIDENCES
  ((:RELATION-REF
    "bf8baa088bcbac34586c38fdaee6e73b6687e2403ef725286cd63f3a956de836" :ROLE
    :DEPENDENT :PARTICIPANT-KIND :PORT :PARTICIPANT-REF
    "10d395652603f2c6f5b052ecf34fd76ae23dcd05e815c8cad7f1c4cbd2be3052" :ORDINAL
    NIL :CONTRACT-REF NIL :FORMAL-STATE-REF NIL)
   (:RELATION-REF
    "bf8baa088bcbac34586c38fdaee6e73b6687e2403ef725286cd63f3a956de836" :ROLE
    :CONTRACT :PARTICIPANT-KIND :SEMANTIC-VALUE :PARTICIPANT-REF
    "6295299a786a64695d005b909816ddc02b42e1b78ce15f2515c265bd43ced8a7" :ORDINAL
    NIL :CONTRACT-REF NIL :FORMAL-STATE-REF NIL))))
